----------------
IN: dynopt_satd_8x8_sve2
0x004007a0:  fc616810  ldr      d16, [x0, x1]

Trace 0: 0x7f2994132640 [80081009311/00000000004007a0/00000001/00000201] dynopt_satd_8x8_sve2
----------------
IN: dynopt_satd_8x8_sve2
0x004007a4:  8b010005  add      x5, x0, x1

Trace 0: 0x7f2994132780 [80081009311/00000000004007a4/00000001/00000201] dynopt_satd_8x8_sve2
----------------
IN: dynopt_satd_8x8_sve2
0x004007a8:  fd40001f  ldr      d31, [x0]

Trace 0: 0x7f29941328c0 [80081009311/00000000004007a8/00000001/00000201] dynopt_satd_8x8_sve2
----------------
IN: dynopt_satd_8x8_sve2
0x004007ac:  8b030044  add      x4, x2, x3

Trace 0: 0x7f2994132a00 [80081009311/00000000004007ac/00000001/00000201] dynopt_satd_8x8_sve2
----------------
IN: dynopt_satd_8x8_sve2
0x004007b0:  fc636841  ldr      d1, [x2, x3]

Trace 0: 0x7f2994132b40 [80081009311/00000000004007b0/00000001/00000201] dynopt_satd_8x8_sve2
----------------
IN: dynopt_satd_8x8_sve2
0x004007b4:  8b010400  add      x0, x0, x1, lsl #1

Trace 0: 0x7f2994132c80 [80081009311/00000000004007b4/00000001/00000201] dynopt_satd_8x8_sve2
----------------
IN: dynopt_satd_8x8_sve2
0x004007b8:  fd40005e  ldr      d30, [x2]

Trace 0: 0x7f2994132dc0 [80081009311/00000000004007b8/00000001/00000201] dynopt_satd_8x8_sve2
----------------
IN: dynopt_satd_8x8_sve2
0x004007bc:  8b030442  add      x2, x2, x3, lsl #1

Trace 0: 0x7f2994132f00 [80081009311/00000000004007bc/00000001/00000201] dynopt_satd_8x8_sve2
----------------
IN: dynopt_satd_8x8_sve2
0x004007c0:  fc6168a7  ldr      d7, [x5, x1]

Trace 0: 0x7f2994133040 [80081009311/00000000004007c0/00000001/00000201] dynopt_satd_8x8_sve2
----------------
IN: dynopt_satd_8x8_sve2
0x004007c4:  8b000025  add      x5, x1, x0

Trace 0: 0x7f2994133180 [80081009311/00000000004007c4/00000001/00000201] dynopt_satd_8x8_sve2
----------------
IN: dynopt_satd_8x8_sve2
0x004007c8:  2e212201  usubl    v1.8h, v16.8b, v1.8b

Trace 0: 0x7f29941332c0 [80081009311/00000000004007c8/00000001/00000201] dynopt_satd_8x8_sve2
----------------
IN: dynopt_satd_8x8_sve2
0x004007cc:  fc606826  ldr      d6, [x1, x0]

Trace 0: 0x7f29941334c0 [80081009311/00000000004007cc/00000001/00000201] dynopt_satd_8x8_sve2
----------------
IN: dynopt_satd_8x8_sve2
0x004007d0:  fc63689a  ldr      d26, [x4, x3]

Trace 0: 0x7f2994133600 [80081009311/00000000004007d0/00000001/00000201] dynopt_satd_8x8_sve2
----------------
IN: dynopt_satd_8x8_sve2
0x004007d4:  8b010400  add      x0, x0, x1, lsl #1

Trace 0: 0x7f2994133740 [80081009311/00000000004007d4/00000001/00000201] dynopt_satd_8x8_sve2
----------------
IN: dynopt_satd_8x8_sve2
0x004007d8:  fc626878  ldr      d24, [x3, x2]

Trace 0: 0x7f2994133880 [80081009311/00000000004007d8/00000001/00000201] dynopt_satd_8x8_sve2
----------------
IN: dynopt_satd_8x8_sve2
0x004007dc:  8b020064  add      x4, x3, x2

Trace 0: 0x7f29941339c0 [80081009311/00000000004007dc/00000001/00000201] dynopt_satd_8x8_sve2
----------------
IN: dynopt_satd_8x8_sve2
0x004007e0:  8b030442  add      x2, x2, x3, lsl #1

Trace 0: 0x7f2994133b00 [80081009311/00000000004007e0/00000001/00000201] dynopt_satd_8x8_sve2
----------------
IN: dynopt_satd_8x8_sve2
0x004007e4:  fc656823  ldr      d3, [x1, x5]

Trace 0: 0x7f2994133c40 [80081009311/00000000004007e4/00000001/00000201] dynopt_satd_8x8_sve2
----------------
IN: dynopt_satd_8x8_sve2
0x004007e8:  fc606835  ldr      d21, [x1, x0]

Trace 0: 0x7f2994133d80 [80081009311/00000000004007e8/00000001/00000201] dynopt_satd_8x8_sve2
----------------
IN: dynopt_satd_8x8_sve2
0x004007ec:  8b000025  add      x5, x1, x0

Trace 0: 0x7f2994133ec0 [80081009311/00000000004007ec/00000001/00000201] dynopt_satd_8x8_sve2
----------------
IN: dynopt_satd_8x8_sve2
0x004007f0:  fc646876  ldr      d22, [x3, x4]

Trace 0: 0x7f2994134000 [80081009311/00000000004007f0/00000001/00000201] dynopt_satd_8x8_sve2
----------------
IN: dynopt_satd_8x8_sve2
0x004007f4:  8b010400  add      x0, x0, x1, lsl #1

Trace 0: 0x7f2994134140 [80081009311/00000000004007f4/00000001/00000201] dynopt_satd_8x8_sve2
----------------
IN: dynopt_satd_8x8_sve2
0x004007f8:  fc626865  ldr      d5, [x3, x2]

Trace 0: 0x7f2994134280 [80081009311/00000000004007f8/00000001/00000201] dynopt_satd_8x8_sve2
----------------
IN: dynopt_satd_8x8_sve2
0x004007fc:  8b020064  add      x4, x3, x2

Trace 0: 0x7f29941343c0 [80081009311/00000000004007fc/00000001/00000201] dynopt_satd_8x8_sve2
----------------
IN: dynopt_satd_8x8_sve2
0x00400800:  8b030442  add      x2, x2, x3, lsl #1

Trace 0: 0x7f2994134500 [80081009311/0000000000400800/00000001/00000201] dynopt_satd_8x8_sve2
----------------
IN: dynopt_satd_8x8_sve2
0x00400804:  fc656824  ldr      d4, [x1, x5]

Trace 0: 0x7f2994134640 [80081009311/0000000000400804/00000001/00000201] dynopt_satd_8x8_sve2
----------------
IN: dynopt_satd_8x8_sve2
0x00400808:  2e3a20fa  usubl    v26.8h, v7.8b, v26.8b

Trace 0: 0x7f2994134780 [80081009311/0000000000400808/00000001/00000201] dynopt_satd_8x8_sve2
----------------
IN: dynopt_satd_8x8_sve2
0x0040080c:  fc606839  ldr      d25, [x1, x0]

Trace 0: 0x7f2994134980 [80081009311/000000000040080c/00000001/00000201] dynopt_satd_8x8_sve2
----------------
IN: dynopt_satd_8x8_sve2
0x00400810:  2e3e23fe  usubl    v30.8h, v31.8b, v30.8b

Trace 0: 0x7f2994134ac0 [80081009311/0000000000400810/00000001/00000201] dynopt_satd_8x8_sve2
----------------
IN: dynopt_satd_8x8_sve2
0x00400814:  fc64687b  ldr      d27, [x3, x4]

Trace 0: 0x7f2994134cc0 [80081009311/0000000000400814/00000001/00000201] dynopt_satd_8x8_sve2
----------------
IN: dynopt_satd_8x8_sve2
0x00400818:  2e362076  usubl    v22.8h, v3.8b, v22.8b

Trace 0: 0x7f2994134e00 [80081009311/0000000000400818/00000001/00000201] dynopt_satd_8x8_sve2
----------------
IN: dynopt_satd_8x8_sve2
0x0040081c:  fc626877  ldr      d23, [x3, x2]

Trace 0: 0x7f2994135000 [80081009311/000000000040081c/00000001/00000201] dynopt_satd_8x8_sve2
----------------
IN: dynopt_satd_8x8_sve2
0x00400820:  2e3820d8  usubl    v24.8h, v6.8b, v24.8b

Trace 0: 0x7f2994135140 [80081009311/0000000000400820/00000001/00000201] dynopt_satd_8x8_sve2
----------------
IN: dynopt_satd_8x8_sve2
0x00400824:  2e3b209b  usubl    v27.8h, v4.8b, v27.8b

Trace 0: 0x7f2994135340 [80081009311/0000000000400824/00000001/00000201] dynopt_satd_8x8_sve2
----------------
IN: dynopt_satd_8x8_sve2
0x00400828:  2e2522a5  usubl    v5.8h, v21.8b, v5.8b

Trace 0: 0x7f2994135540 [80081009311/0000000000400828/00000001/00000201] dynopt_satd_8x8_sve2
----------------
IN: dynopt_satd_8x8_sve2
0x0040082c:  2e372337  usubl    v23.8h, v25.8b, v23.8b

Trace 0: 0x7f2994135740 [80081009311/000000000040082c/00000001/00000201] dynopt_satd_8x8_sve2
----------------
IN: dynopt_satd_8x8_sve2
0x00400830:  4e6187c2  add      v2.8h, v30.8h, v1.8h

Trace 0: 0x7f2994135940 [80081009311/0000000000400830/00000001/00000201] dynopt_satd_8x8_sve2
----------------
IN: dynopt_satd_8x8_sve2
0x00400834:  4e78875d  add      v29.8h, v26.8h, v24.8h

Trace 0: 0x7f2994135a80 [80081009311/0000000000400834/00000001/00000201] dynopt_satd_8x8_sve2
----------------
IN: dynopt_satd_8x8_sve2
0x00400838:  6e6187c1  sub      v1.8h, v30.8h, v1.8h

Trace 0: 0x7f2994135bc0 [80081009311/0000000000400838/00000001/00000201] dynopt_satd_8x8_sve2
----------------
IN: dynopt_satd_8x8_sve2
0x0040083c:  4e6586c6  add      v6.8h, v22.8h, v5.8h

Trace 0: 0x7f2994135d00 [80081009311/000000000040083c/00000001/00000201] dynopt_satd_8x8_sve2
----------------
IN: dynopt_satd_8x8_sve2
0x00400840:  4e778763  add      v3.8h, v27.8h, v23.8h

Trace 0: 0x7f2994135e40 [80081009311/0000000000400840/00000001/00000201] dynopt_satd_8x8_sve2
----------------
IN: dynopt_satd_8x8_sve2
0x00400844:  6e788758  sub      v24.8h, v26.8h, v24.8h

Trace 0: 0x7f2994135f80 [80081009311/0000000000400844/00000001/00000201] dynopt_satd_8x8_sve2
----------------
IN: dynopt_satd_8x8_sve2
0x00400848:  6e6586c5  sub      v5.8h, v22.8h, v5.8h

Trace 0: 0x7f29941360c0 [80081009311/0000000000400848/00000001/00000201] dynopt_satd_8x8_sve2
----------------
IN: dynopt_satd_8x8_sve2
0x0040084c:  6e778777  sub      v23.8h, v27.8h, v23.8h

Trace 0: 0x7f2994136200 [80081009311/000000000040084c/00000001/00000201] dynopt_satd_8x8_sve2
----------------
IN: dynopt_satd_8x8_sve2
0x00400850:  4e7d8440  add      v0.8h, v2.8h, v29.8h

Trace 0: 0x7f2994136340 [80081009311/0000000000400850/00000001/00000201] dynopt_satd_8x8_sve2
----------------
IN: dynopt_satd_8x8_sve2
0x00400854:  4e788431  add      v17.8h, v1.8h, v24.8h

Trace 0: 0x7f2994136480 [80081009311/0000000000400854/00000001/00000201] dynopt_satd_8x8_sve2
----------------
IN: dynopt_satd_8x8_sve2
0x00400858:  6e7d845d  sub      v29.8h, v2.8h, v29.8h

Trace 0: 0x7f29941365c0 [80081009311/0000000000400858/00000001/00000201] dynopt_satd_8x8_sve2
----------------
IN: dynopt_satd_8x8_sve2
0x0040085c:  4e6384c4  add      v4.8h, v6.8h, v3.8h

Trace 0: 0x7f2994136700 [80081009311/000000000040085c/00000001/00000201] dynopt_satd_8x8_sve2
----------------
IN: dynopt_satd_8x8_sve2
0x00400860:  4e7784b5  add      v21.8h, v5.8h, v23.8h

Trace 0: 0x7f2994136840 [80081009311/0000000000400860/00000001/00000201] dynopt_satd_8x8_sve2
----------------
IN: dynopt_satd_8x8_sve2
0x00400864:  6e788438  sub      v24.8h, v1.8h, v24.8h

Trace 0: 0x7f2994136980 [80081009311/0000000000400864/00000001/00000201] dynopt_satd_8x8_sve2
----------------
IN: dynopt_satd_8x8_sve2
0x00400868:  6e6384c3  sub      v3.8h, v6.8h, v3.8h

Trace 0: 0x7f2994136ac0 [80081009311/0000000000400868/00000001/00000201] dynopt_satd_8x8_sve2
----------------
IN: dynopt_satd_8x8_sve2
0x0040086c:  6e7784b7  sub      v23.8h, v5.8h, v23.8h

Trace 0: 0x7f2994136c00 [80081009311/000000000040086c/00000001/00000201] dynopt_satd_8x8_sve2
----------------
IN: dynopt_satd_8x8_sve2
0x00400870:  4e512814  trn1     v20.8h, v0.8h, v17.8h

Trace 0: 0x7f2994136d40 [80081009311/0000000000400870/00000001/00000201] dynopt_satd_8x8_sve2
----------------
IN: dynopt_satd_8x8_sve2
0x00400874:  4e582bb3  trn1     v19.8h, v29.8h, v24.8h

Trace 0: 0x7f2994136f00 [80081009311/0000000000400874/00000001/00000201] dynopt_satd_8x8_sve2
----------------
IN: dynopt_satd_8x8_sve2
0x00400878:  4e552882  trn1     v2.8h, v4.8h, v21.8h

Trace 0: 0x7f29941370c0 [80081009311/0000000000400878/00000001/00000201] dynopt_satd_8x8_sve2
----------------
IN: dynopt_satd_8x8_sve2
0x0040087c:  4e572861  trn1     v1.8h, v3.8h, v23.8h

Trace 0: 0x7f2994137280 [80081009311/000000000040087c/00000001/00000201] dynopt_satd_8x8_sve2
----------------
IN: dynopt_satd_8x8_sve2
0x00400880:  4e516811  trn2     v17.8h, v0.8h, v17.8h

Trace 0: 0x7f2994137440 [80081009311/0000000000400880/00000001/00000201] dynopt_satd_8x8_sve2
----------------
IN: dynopt_satd_8x8_sve2
0x00400884:  4e586bb8  trn2     v24.8h, v29.8h, v24.8h

Trace 0: 0x7f2994137600 [80081009311/0000000000400884/00000001/00000201] dynopt_satd_8x8_sve2
----------------
IN: dynopt_satd_8x8_sve2
0x00400888:  4e556895  trn2     v21.8h, v4.8h, v21.8h

Trace 0: 0x7f29941377c0 [80081009311/0000000000400888/00000001/00000201] dynopt_satd_8x8_sve2
----------------
IN: dynopt_satd_8x8_sve2
0x0040088c:  4e576877  trn2     v23.8h, v3.8h, v23.8h

Trace 0: 0x7f2994137980 [80081009311/000000000040088c/00000001/00000201] dynopt_satd_8x8_sve2
----------------
IN: dynopt_satd_8x8_sve2
0x00400890:  4e718692  add      v18.8h, v20.8h, v17.8h

Trace 0: 0x7f2994137b40 [80081009311/0000000000400890/00000001/00000201] dynopt_satd_8x8_sve2
----------------
IN: dynopt_satd_8x8_sve2
0x00400894:  4e78867c  add      v28.8h, v19.8h, v24.8h

Trace 0: 0x7f2994137c80 [80081009311/0000000000400894/00000001/00000201] dynopt_satd_8x8_sve2
----------------
IN: dynopt_satd_8x8_sve2
0x00400898:  4e758459  add      v25.8h, v2.8h, v21.8h

Trace 0: 0x7f2994137dc0 [80081009311/0000000000400898/00000001/00000201] dynopt_satd_8x8_sve2
----------------
IN: dynopt_satd_8x8_sve2
0x0040089c:  4e77843f  add      v31.8h, v1.8h, v23.8h

Trace 0: 0x7f2994137f00 [80081009311/000000000040089c/00000001/00000201] dynopt_satd_8x8_sve2
----------------
IN: dynopt_satd_8x8_sve2
0x004008a0:  4e60ba52  abs      v18.8h, v18.8h

Trace 0: 0x7f2994138040 [80081009311/00000000004008a0/00000001/00000201] dynopt_satd_8x8_sve2
----------------
IN: dynopt_satd_8x8_sve2
0x004008a4:  4e717691  sabd     v17.8h, v20.8h, v17.8h

Trace 0: 0x7f2994138180 [80081009311/00000000004008a4/00000001/00000201] dynopt_satd_8x8_sve2
----------------
IN: dynopt_satd_8x8_sve2
0x004008a8:  4e787678  sabd     v24.8h, v19.8h, v24.8h

Trace 0: 0x7f29941382c0 [80081009311/00000000004008a8/00000001/00000201] dynopt_satd_8x8_sve2
----------------
IN: dynopt_satd_8x8_sve2
0x004008ac:  4e60bb39  abs      v25.8h, v25.8h

Trace 0: 0x7f2994138400 [80081009311/00000000004008ac/00000001/00000201] dynopt_satd_8x8_sve2
----------------
IN: dynopt_satd_8x8_sve2
0x004008b0:  4e757455  sabd     v21.8h, v2.8h, v21.8h

Trace 0: 0x7f2994138540 [80081009311/00000000004008b0/00000001/00000201] dynopt_satd_8x8_sve2
----------------
IN: dynopt_satd_8x8_sve2
0x004008b4:  4e777437  sabd     v23.8h, v1.8h, v23.8h

Trace 0: 0x7f2994138680 [80081009311/00000000004008b4/00000001/00000201] dynopt_satd_8x8_sve2
----------------
IN: dynopt_satd_8x8_sve2
0x004008b8:  4e60bb9c  abs      v28.8h, v28.8h

Trace 0: 0x7f29941387c0 [80081009311/00000000004008b8/00000001/00000201] dynopt_satd_8x8_sve2
----------------
IN: dynopt_satd_8x8_sve2
0x004008bc:  4e60bbff  abs      v31.8h, v31.8h

Trace 0: 0x7f2994138900 [80081009311/00000000004008bc/00000001/00000201] dynopt_satd_8x8_sve2
----------------
IN: dynopt_satd_8x8_sve2
0x004008c0:  4e982a27  trn1     v7.4s, v17.4s, v24.4s

Trace 0: 0x7f2994138a40 [80081009311/00000000004008c0/00000001/00000201] dynopt_satd_8x8_sve2
----------------
IN: dynopt_satd_8x8_sve2
0x004008c4:  4e972abd  trn1     v29.4s, v21.4s, v23.4s

Trace 0: 0x7f2994138bc0 [80081009311/00000000004008c4/00000001/00000201] dynopt_satd_8x8_sve2
----------------
IN: dynopt_satd_8x8_sve2
0x004008c8:  4e9c2a50  trn1     v16.4s, v18.4s, v28.4s

Trace 0: 0x7f2994138d40 [80081009311/00000000004008c8/00000001/00000201] dynopt_satd_8x8_sve2
----------------
IN: dynopt_satd_8x8_sve2
0x004008cc:  4e9f2b20  trn1     v0.4s, v25.4s, v31.4s

Trace 0: 0x7f2994138ec0 [80081009311/00000000004008cc/00000001/00000201] dynopt_satd_8x8_sve2
----------------
IN: dynopt_satd_8x8_sve2
0x004008d0:  4e9c6a5c  trn2     v28.4s, v18.4s, v28.4s

Trace 0: 0x7f2994139040 [80081009311/00000000004008d0/00000001/00000201] dynopt_satd_8x8_sve2
----------------
IN: dynopt_satd_8x8_sve2
0x004008d4:  4e986a38  trn2     v24.4s, v17.4s, v24.4s

Trace 0: 0x7f29941391c0 [80081009311/00000000004008d4/00000001/00000201] dynopt_satd_8x8_sve2
----------------
IN: dynopt_satd_8x8_sve2
0x004008d8:  4e9f6b3f  trn2     v31.4s, v25.4s, v31.4s

Trace 0: 0x7f2994139340 [80081009311/00000000004008d8/00000001/00000201] dynopt_satd_8x8_sve2
----------------
IN: dynopt_satd_8x8_sve2
0x004008dc:  4e976ab7  trn2     v23.4s, v21.4s, v23.4s

Trace 0: 0x7f29941394c0 [80081009311/00000000004008dc/00000001/00000201] dynopt_satd_8x8_sve2
----------------
IN: dynopt_satd_8x8_sve2
0x004008e0:  6e7c661c  umax     v28.8h, v16.8h, v28.8h

Trace 0: 0x7f2994139640 [80081009311/00000000004008e0/00000001/00000201] dynopt_satd_8x8_sve2
----------------
IN: dynopt_satd_8x8_sve2
0x004008e4:  6e7864f8  umax     v24.8h, v7.8h, v24.8h

Trace 0: 0x7f2994139780 [80081009311/00000000004008e4/00000001/00000201] dynopt_satd_8x8_sve2
----------------
IN: dynopt_satd_8x8_sve2
0x004008e8:  6e7f641f  umax     v31.8h, v0.8h, v31.8h

Trace 0: 0x7f29941398c0 [80081009311/00000000004008e8/00000001/00000201] dynopt_satd_8x8_sve2
----------------
IN: dynopt_satd_8x8_sve2
0x004008ec:  6e7767b7  umax     v23.8h, v29.8h, v23.8h

Trace 0: 0x7f2994139a00 [80081009311/00000000004008ec/00000001/00000201] dynopt_satd_8x8_sve2
----------------
IN: dynopt_satd_8x8_sve2
0x004008f0:  4e788798  add      v24.8h, v28.8h, v24.8h

Trace 0: 0x7f2994139b40 [80081009311/00000000004008f0/00000001/00000201] dynopt_satd_8x8_sve2
----------------
IN: dynopt_satd_8x8_sve2
0x004008f4:  4e7787f7  add      v23.8h, v31.8h, v23.8h

Trace 0: 0x7f2994139c80 [80081009311/00000000004008f4/00000001/00000201] dynopt_satd_8x8_sve2
----------------
IN: dynopt_satd_8x8_sve2
0x004008f8:  4e7886f8  add      v24.8h, v23.8h, v24.8h

Trace 0: 0x7f2994139dc0 [80081009311/00000000004008f8/00000001/00000201] dynopt_satd_8x8_sve2
----------------
IN: dynopt_satd_8x8_sve2
0x004008fc:  6e703b1f  uaddlv   s31, v24.8h

Trace 0: 0x7f2994139f00 [80081009311/00000000004008fc/00000001/00000201] dynopt_satd_8x8_sve2
----------------
IN: dynopt_satd_8x8_sve2
0x00400900:  1e2603e0  fmov     w0, s31

Trace 0: 0x7f299413a080 [80081009311/0000000000400900/00000001/00000201] dynopt_satd_8x8_sve2
----------------
IN: dynopt_satd_8x8_sve2
0x00400904:  d65f03c0  ret      

Trace 0: 0x7f299413a1c0 [80081009311/0000000000400904/00000001/00000201] dynopt_satd_8x8_sve2
----------------
IN: call_fini
0x00400920:  a9be7bfd  stp      x29, x30, [sp, #-0x20]!

Trace 0: 0x7f2994141140 [80081009b11/0000000000400920/00000001/00000201] call_fini
