----------------
IN: dynopt_satd_8x8_sve2
0x004007a0:  fc616813  ldr      d19, [x0, x1]

Trace 0: 0x7f2a8c132640 [80081009311/00000000004007a0/00000001/00000201] dynopt_satd_8x8_sve2
----------------
IN: dynopt_satd_8x8_sve2
0x004007a4:  8b010005  add      x5, x0, x1

Trace 0: 0x7f2a8c132780 [80081009311/00000000004007a4/00000001/00000201] dynopt_satd_8x8_sve2
----------------
IN: dynopt_satd_8x8_sve2
0x004007a8:  fc636852  ldr      d18, [x2, x3]

Trace 0: 0x7f2a8c1328c0 [80081009311/00000000004007a8/00000001/00000201] dynopt_satd_8x8_sve2
----------------
IN: dynopt_satd_8x8_sve2
0x004007ac:  8b030044  add      x4, x2, x3

Trace 0: 0x7f2a8c132a00 [80081009311/00000000004007ac/00000001/00000201] dynopt_satd_8x8_sve2
----------------
IN: dynopt_satd_8x8_sve2
0x004007b0:  fd400011  ldr      d17, [x0]

Trace 0: 0x7f2a8c132b40 [80081009311/00000000004007b0/00000001/00000201] dynopt_satd_8x8_sve2
----------------
IN: dynopt_satd_8x8_sve2
0x004007b4:  8b010400  add      x0, x0, x1, lsl #1

Trace 0: 0x7f2a8c132c80 [80081009311/00000000004007b4/00000001/00000201] dynopt_satd_8x8_sve2
----------------
IN: dynopt_satd_8x8_sve2
0x004007b8:  fd400050  ldr      d16, [x2]

Trace 0: 0x7f2a8c132dc0 [80081009311/00000000004007b8/00000001/00000201] dynopt_satd_8x8_sve2
----------------
IN: dynopt_satd_8x8_sve2
0x004007bc:  8b030442  add      x2, x2, x3, lsl #1

Trace 0: 0x7f2a8c132f00 [80081009311/00000000004007bc/00000001/00000201] dynopt_satd_8x8_sve2
----------------
IN: dynopt_satd_8x8_sve2
0x004007c0:  fc6168b5  ldr      d21, [x5, x1]

Trace 0: 0x7f2a8c133040 [80081009311/00000000004007c0/00000001/00000201] dynopt_satd_8x8_sve2
----------------
IN: dynopt_satd_8x8_sve2
0x004007c4:  8b000025  add      x5, x1, x0

Trace 0: 0x7f2a8c133180 [80081009311/00000000004007c4/00000001/00000201] dynopt_satd_8x8_sve2
----------------
IN: dynopt_satd_8x8_sve2
0x004007c8:  fc636894  ldr      d20, [x4, x3]

Trace 0: 0x7f2a8c1332c0 [80081009311/00000000004007c8/00000001/00000201] dynopt_satd_8x8_sve2
----------------
IN: dynopt_satd_8x8_sve2
0x004007cc:  8b020064  add      x4, x3, x2

Trace 0: 0x7f2a8c133400 [80081009311/00000000004007cc/00000001/00000201] dynopt_satd_8x8_sve2
----------------
IN: dynopt_satd_8x8_sve2
0x004007d0:  fc606837  ldr      d23, [x1, x0]

Trace 0: 0x7f2a8c133540 [80081009311/00000000004007d0/00000001/00000201] dynopt_satd_8x8_sve2
----------------
IN: dynopt_satd_8x8_sve2
0x004007d4:  8b010400  add      x0, x0, x1, lsl #1

Trace 0: 0x7f2a8c133680 [80081009311/00000000004007d4/00000001/00000201] dynopt_satd_8x8_sve2
----------------
IN: dynopt_satd_8x8_sve2
0x004007d8:  fc626876  ldr      d22, [x3, x2]

Trace 0: 0x7f2a8c1337c0 [80081009311/00000000004007d8/00000001/00000201] dynopt_satd_8x8_sve2
----------------
IN: dynopt_satd_8x8_sve2
0x004007dc:  8b030442  add      x2, x2, x3, lsl #1

Trace 0: 0x7f2a8c133900 [80081009311/00000000004007dc/00000001/00000201] dynopt_satd_8x8_sve2
----------------
IN: dynopt_satd_8x8_sve2
0x004007e0:  fc656839  ldr      d25, [x1, x5]

Trace 0: 0x7f2a8c133a40 [80081009311/00000000004007e0/00000001/00000201] dynopt_satd_8x8_sve2
----------------
IN: dynopt_satd_8x8_sve2
0x004007e4:  8b000025  add      x5, x1, x0

Trace 0: 0x7f2a8c133b80 [80081009311/00000000004007e4/00000001/00000201] dynopt_satd_8x8_sve2
----------------
IN: dynopt_satd_8x8_sve2
0x004007e8:  fc60683b  ldr      d27, [x1, x0]

Trace 0: 0x7f2a8c133cc0 [80081009311/00000000004007e8/00000001/00000201] dynopt_satd_8x8_sve2
----------------
IN: dynopt_satd_8x8_sve2
0x004007ec:  8b010400  add      x0, x0, x1, lsl #1

Trace 0: 0x7f2a8c133e00 [80081009311/00000000004007ec/00000001/00000201] dynopt_satd_8x8_sve2
----------------
IN: dynopt_satd_8x8_sve2
0x004007f0:  fc646878  ldr      d24, [x3, x4]

Trace 0: 0x7f2a8c133f40 [80081009311/00000000004007f0/00000001/00000201] dynopt_satd_8x8_sve2
----------------
IN: dynopt_satd_8x8_sve2
0x004007f4:  8b020064  add      x4, x3, x2

Trace 0: 0x7f2a8c134080 [80081009311/00000000004007f4/00000001/00000201] dynopt_satd_8x8_sve2
----------------
IN: dynopt_satd_8x8_sve2
0x004007f8:  fc62687a  ldr      d26, [x3, x2]

Trace 0: 0x7f2a8c1341c0 [80081009311/00000000004007f8/00000001/00000201] dynopt_satd_8x8_sve2
----------------
IN: dynopt_satd_8x8_sve2
0x004007fc:  8b030442  add      x2, x2, x3, lsl #1

Trace 0: 0x7f2a8c134300 [80081009311/00000000004007fc/00000001/00000201] dynopt_satd_8x8_sve2
----------------
IN: dynopt_satd_8x8_sve2
0x00400800:  fc60683f  ldr      d31, [x1, x0]

Trace 0: 0x7f2a8c134440 [80081009311/0000000000400800/00000001/00000201] dynopt_satd_8x8_sve2
----------------
IN: dynopt_satd_8x8_sve2
0x00400804:  d10203ff  sub      sp, sp, #0x80

Trace 0: 0x7f2a8c134580 [80081009311/0000000000400804/00000001/00000201] dynopt_satd_8x8_sve2
----------------
IN: dynopt_satd_8x8_sve2
0x00400808:  fc65683d  ldr      d29, [x1, x5]

Trace 0: 0x7f2a8c1346c0 [80081009311/0000000000400808/00000001/00000201] dynopt_satd_8x8_sve2
----------------
IN: dynopt_satd_8x8_sve2
0x0040080c:  910003e1  mov      x1, sp

Trace 0: 0x7f2a8c134800 [80081009311/000000000040080c/00000001/00000201] dynopt_satd_8x8_sve2
----------------
IN: dynopt_satd_8x8_sve2
0x00400810:  fc64687c  ldr      d28, [x3, x4]

Trace 0: 0x7f2a8c134940 [80081009311/0000000000400810/00000001/00000201] dynopt_satd_8x8_sve2
----------------
IN: dynopt_satd_8x8_sve2
0x00400814:  52800000  mov      w0, #0

Trace 0: 0x7f2a8c134a80 [80081009311/0000000000400814/00000001/00000201] dynopt_satd_8x8_sve2
----------------
IN: dynopt_satd_8x8_sve2
0x00400818:  2e322272  usubl    v18.8h, v19.8b, v18.8b

Trace 0: 0x7f2a8c134bc0 [80081009311/0000000000400818/00000001/00000201] dynopt_satd_8x8_sve2
----------------
IN: dynopt_satd_8x8_sve2
0x0040081c:  fc62687e  ldr      d30, [x3, x2]

Trace 0: 0x7f2a8c134dc0 [80081009311/000000000040081c/00000001/00000201] dynopt_satd_8x8_sve2
----------------
IN: dynopt_satd_8x8_sve2
0x00400820:  2e3422b4  usubl    v20.8h, v21.8b, v20.8b

Trace 0: 0x7f2a8c134f00 [80081009311/0000000000400820/00000001/00000201] dynopt_satd_8x8_sve2
----------------
IN: dynopt_satd_8x8_sve2
0x00400824:  52800003  mov      w3, #0

Trace 0: 0x7f2a8c135100 [80081009311/0000000000400824/00000001/00000201] dynopt_satd_8x8_sve2
----------------
IN: dynopt_satd_8x8_sve2
0x00400828:  2e302230  usubl    v16.8h, v17.8b, v16.8b

Trace 0: 0x7f2a8c135240 [80081009311/0000000000400828/00000001/00000201] dynopt_satd_8x8_sve2
----------------
IN: dynopt_satd_8x8_sve2
0x0040082c:  2e3622f6  usubl    v22.8h, v23.8b, v22.8b

Trace 0: 0x7f2a8c135440 [80081009311/000000000040082c/00000001/00000201] dynopt_satd_8x8_sve2
----------------
IN: dynopt_satd_8x8_sve2
0x00400830:  2e382338  usubl    v24.8h, v25.8b, v24.8b

Trace 0: 0x7f2a8c135640 [80081009311/0000000000400830/00000001/00000201] dynopt_satd_8x8_sve2
----------------
IN: dynopt_satd_8x8_sve2
0x00400834:  2e3a237a  usubl    v26.8h, v27.8b, v26.8b

Trace 0: 0x7f2a8c135840 [80081009311/0000000000400834/00000001/00000201] dynopt_satd_8x8_sve2
----------------
IN: dynopt_satd_8x8_sve2
0x00400838:  2e3c23bc  usubl    v28.8h, v29.8b, v28.8b

Trace 0: 0x7f2a8c135a40 [80081009311/0000000000400838/00000001/00000201] dynopt_satd_8x8_sve2
----------------
IN: dynopt_satd_8x8_sve2
0x0040083c:  ad004bf0  stp      q16, q18, [sp]

Trace 0: 0x7f2a8c135c40 [80081009311/000000000040083c/00000001/00000201] dynopt_satd_8x8_sve2
----------------
IN: dynopt_satd_8x8_sve2
0x00400840:  2e3e23fe  usubl    v30.8h, v31.8b, v30.8b

Trace 0: 0x7f2a8c135dc0 [80081009311/0000000000400840/00000001/00000201] dynopt_satd_8x8_sve2
----------------
IN: dynopt_satd_8x8_sve2
0x00400844:  ad015bf4  stp      q20, q22, [sp, #0x20]

Trace 0: 0x7f2a8c135fc0 [80081009311/0000000000400844/00000001/00000201] dynopt_satd_8x8_sve2
----------------
IN: dynopt_satd_8x8_sve2
0x00400848:  ad026bf8  stp      q24, q26, [sp, #0x40]

Trace 0: 0x7f2a8c136140 [80081009311/0000000000400848/00000001/00000201] dynopt_satd_8x8_sve2
----------------
IN: dynopt_satd_8x8_sve2
0x0040084c:  ad037bfc  stp      q28, q30, [sp, #0x60]

Trace 0: 0x7f2a8c1362c0 [80081009311/000000000040084c/00000001/00000201] dynopt_satd_8x8_sve2
----------------
IN: dynopt_satd_8x8_sve2
0x00400850:  aa0103e2  mov      x2, x1

Trace 0: 0x7f2a8c136440 [80081009311/0000000000400850/00000001/00000201] dynopt_satd_8x8_sve2
----------------
IN: dynopt_satd_8x8_sve2
0x00400854:  6d40f824  ldp      d4, d30, [x1, #8]

Trace 0: 0x7f2a8c136580 [80081009311/0000000000400854/00000001/00000201] dynopt_satd_8x8_sve2
----------------
IN: dynopt_satd_8x8_sve2
0x00400858:  fc420459  ldr      d25, [x2], #0x20

Trace 0: 0x7f2a8c136700 [80081009311/0000000000400858/00000001/00000201] dynopt_satd_8x8_sve2
----------------
IN: dynopt_satd_8x8_sve2
0x0040085c:  fd400c26  ldr      d6, [x1, #0x18]

Trace 0: 0x7f2a8c136840 [80081009311/000000000040085c/00000001/00000201] dynopt_satd_8x8_sve2
----------------
IN: dynopt_satd_8x8_sve2
0x00400860:  4d408459  ld1      {v25.d}[1], [x2]

Trace 0: 0x7f2a8c136980 [80081009311/0000000000400860/00000001/00000201] dynopt_satd_8x8_sve2
----------------
IN: dynopt_satd_8x8_sve2
0x00400864:  9100c022  add      x2, x1, #0x30

Trace 0: 0x7f2a8c136ac0 [80081009311/0000000000400864/00000001/00000201] dynopt_satd_8x8_sve2
----------------
IN: dynopt_satd_8x8_sve2
0x00400868:  4d40845e  ld1      {v30.d}[1], [x2]

Trace 0: 0x7f2a8c136c00 [80081009311/0000000000400868/00000001/00000201] dynopt_satd_8x8_sve2
----------------
IN: dynopt_satd_8x8_sve2
0x0040086c:  6e7e8738  sub      v24.8h, v25.8h, v30.8h

Trace 0: 0x7f2a8c136d40 [80081009311/000000000040086c/00000001/00000201] dynopt_satd_8x8_sve2
----------------
IN: dynopt_satd_8x8_sve2
0x00400870:  4e7e873e  add      v30.8h, v25.8h, v30.8h

Trace 0: 0x7f2a8c136e80 [80081009311/0000000000400870/00000001/00000201] dynopt_satd_8x8_sve2
----------------
IN: dynopt_satd_8x8_sve2
0x00400874:  4ede3b1b  zip1     v27.2d, v24.2d, v30.2d

Trace 0: 0x7f2a8c136fc0 [80081009311/0000000000400874/00000001/00000201] dynopt_satd_8x8_sve2
----------------
IN: dynopt_satd_8x8_sve2
0x00400878:  4ede7b1e  zip2     v30.2d, v24.2d, v30.2d

Trace 0: 0x7f2a8c137100 [80081009311/0000000000400878/00000001/00000201] dynopt_satd_8x8_sve2
----------------
IN: dynopt_satd_8x8_sve2
0x0040087c:  4e7b87da  add      v26.8h, v30.8h, v27.8h

Trace 0: 0x7f2a8c137240 [80081009311/000000000040087c/00000001/00000201] dynopt_satd_8x8_sve2
----------------
IN: dynopt_satd_8x8_sve2
0x00400880:  6e7e877e  sub      v30.8h, v27.8h, v30.8h

Trace 0: 0x7f2a8c137380 [80081009311/0000000000400880/00000001/00000201] dynopt_satd_8x8_sve2
----------------
IN: dynopt_satd_8x8_sve2
0x00400884:  4e5e2b5c  trn1     v28.8h, v26.8h, v30.8h

Trace 0: 0x7f2a8c1374c0 [80081009311/0000000000400884/00000001/00000201] dynopt_satd_8x8_sve2
----------------
IN: dynopt_satd_8x8_sve2
0x00400888:  4e5e6b5e  trn2     v30.8h, v26.8h, v30.8h

Trace 0: 0x7f2a8c137680 [80081009311/0000000000400888/00000001/00000201] dynopt_satd_8x8_sve2
----------------
IN: dynopt_satd_8x8_sve2
0x0040088c:  4e7e879d  add      v29.8h, v28.8h, v30.8h

Trace 0: 0x7f2a8c137840 [80081009311/000000000040088c/00000001/00000201] dynopt_satd_8x8_sve2
----------------
IN: dynopt_satd_8x8_sve2
0x00400890:  4e7e779e  sabd     v30.8h, v28.8h, v30.8h

Trace 0: 0x7f2a8c137980 [80081009311/0000000000400890/00000001/00000201] dynopt_satd_8x8_sve2
----------------
IN: dynopt_satd_8x8_sve2
0x00400894:  4e60bbbd  abs      v29.8h, v29.8h

Trace 0: 0x7f2a8c137ac0 [80081009311/0000000000400894/00000001/00000201] dynopt_satd_8x8_sve2
----------------
IN: dynopt_satd_8x8_sve2
0x00400898:  4e9e2bbf  trn1     v31.4s, v29.4s, v30.4s

Trace 0: 0x7f2a8c137c00 [80081009311/0000000000400898/00000001/00000201] dynopt_satd_8x8_sve2
----------------
IN: dynopt_satd_8x8_sve2
0x0040089c:  4e9e6bbe  trn2     v30.4s, v29.4s, v30.4s

Trace 0: 0x7f2a8c137d80 [80081009311/000000000040089c/00000001/00000201] dynopt_satd_8x8_sve2
----------------
IN: dynopt_satd_8x8_sve2
0x004008a0:  6e7e67fe  umax     v30.8h, v31.8h, v30.8h

Trace 0: 0x7f2a8c137f00 [80081009311/00000000004008a0/00000001/00000201] dynopt_satd_8x8_sve2
----------------
IN: dynopt_satd_8x8_sve2
0x004008a4:  6e703bdf  uaddlv   s31, v30.8h

Trace 0: 0x7f2a8c138040 [80081009311/00000000004008a4/00000001/00000201] dynopt_satd_8x8_sve2
----------------
IN: dynopt_satd_8x8_sve2
0x004008a8:  1e2603e2  fmov     w2, s31

Trace 0: 0x7f2a8c1381c0 [80081009311/00000000004008a8/00000001/00000201] dynopt_satd_8x8_sve2
----------------
IN: dynopt_satd_8x8_sve2
0x004008ac:  0b000040  add      w0, w2, w0

Trace 0: 0x7f2a8c138300 [80081009311/00000000004008ac/00000001/00000201] dynopt_satd_8x8_sve2
----------------
IN: dynopt_satd_8x8_sve2
0x004008b0:  9100a022  add      x2, x1, #0x28

Trace 0: 0x7f2a8c138440 [80081009311/00000000004008b0/00000001/00000201] dynopt_satd_8x8_sve2
----------------
IN: dynopt_satd_8x8_sve2
0x004008b4:  4d408444  ld1      {v4.d}[1], [x2]

Trace 0: 0x7f2a8c138580 [80081009311/00000000004008b4/00000001/00000201] dynopt_satd_8x8_sve2
----------------
IN: dynopt_satd_8x8_sve2
0x004008b8:  9100e022  add      x2, x1, #0x38

Trace 0: 0x7f2a8c1386c0 [80081009311/00000000004008b8/00000001/00000201] dynopt_satd_8x8_sve2
----------------
IN: dynopt_satd_8x8_sve2
0x004008bc:  91010021  add      x1, x1, #0x40

Trace 0: 0x7f2a8c138800 [80081009311/00000000004008bc/00000001/00000201] dynopt_satd_8x8_sve2
----------------
IN: dynopt_satd_8x8_sve2
0x004008c0:  4d408446  ld1      {v6.d}[1], [x2]

Trace 0: 0x7f2a8c138940 [80081009311/00000000004008c0/00000001/00000201] dynopt_satd_8x8_sve2
----------------
IN: dynopt_satd_8x8_sve2
0x004008c4:  6e668483  sub      v3.8h, v4.8h, v6.8h

Trace 0: 0x7f2a8c138a80 [80081009311/00000000004008c4/00000001/00000201] dynopt_satd_8x8_sve2
----------------
IN: dynopt_satd_8x8_sve2
0x004008c8:  4e668486  add      v6.8h, v4.8h, v6.8h

Trace 0: 0x7f2a8c138bc0 [80081009311/00000000004008c8/00000001/00000201] dynopt_satd_8x8_sve2
----------------
IN: dynopt_satd_8x8_sve2
0x004008cc:  4ec63862  zip1     v2.2d, v3.2d, v6.2d

Trace 0: 0x7f2a8c138d00 [80081009311/00000000004008cc/00000001/00000201] dynopt_satd_8x8_sve2
----------------
IN: dynopt_satd_8x8_sve2
0x004008d0:  4ec67866  zip2     v6.2d, v3.2d, v6.2d

Trace 0: 0x7f2a8c138e40 [80081009311/00000000004008d0/00000001/00000201] dynopt_satd_8x8_sve2
----------------
IN: dynopt_satd_8x8_sve2
0x004008d4:  4e6284c1  add      v1.8h, v6.8h, v2.8h

Trace 0: 0x7f2a8c138f80 [80081009311/00000000004008d4/00000001/00000201] dynopt_satd_8x8_sve2
----------------
IN: dynopt_satd_8x8_sve2
0x004008d8:  6e668446  sub      v6.8h, v2.8h, v6.8h

Trace 0: 0x7f2a8c1390c0 [80081009311/00000000004008d8/00000001/00000201] dynopt_satd_8x8_sve2
----------------
IN: dynopt_satd_8x8_sve2
0x004008dc:  4e462820  trn1     v0.8h, v1.8h, v6.8h

Trace 0: 0x7f2a8c139200 [80081009311/00000000004008dc/00000001/00000201] dynopt_satd_8x8_sve2
----------------
IN: dynopt_satd_8x8_sve2
0x004008e0:  4e466826  trn2     v6.8h, v1.8h, v6.8h

Trace 0: 0x7f2a8c1393c0 [80081009311/00000000004008e0/00000001/00000201] dynopt_satd_8x8_sve2
----------------
IN: dynopt_satd_8x8_sve2
0x004008e4:  4e668405  add      v5.8h, v0.8h, v6.8h

Trace 0: 0x7f2a8c139580 [80081009311/00000000004008e4/00000001/00000201] dynopt_satd_8x8_sve2
----------------
IN: dynopt_satd_8x8_sve2
0x004008e8:  4e667406  sabd     v6.8h, v0.8h, v6.8h

Trace 0: 0x7f2a8c1396c0 [80081009311/00000000004008e8/00000001/00000201] dynopt_satd_8x8_sve2
----------------
IN: dynopt_satd_8x8_sve2
0x004008ec:  4e60b8a5  abs      v5.8h, v5.8h

Trace 0: 0x7f2a8c139800 [80081009311/00000000004008ec/00000001/00000201] dynopt_satd_8x8_sve2
----------------
IN: dynopt_satd_8x8_sve2
0x004008f0:  4e8628a7  trn1     v7.4s, v5.4s, v6.4s

Trace 0: 0x7f2a8c139940 [80081009311/00000000004008f0/00000001/00000201] dynopt_satd_8x8_sve2
----------------
IN: dynopt_satd_8x8_sve2
0x004008f4:  4e8668a6  trn2     v6.4s, v5.4s, v6.4s

Trace 0: 0x7f2a8c139ac0 [80081009311/00000000004008f4/00000001/00000201] dynopt_satd_8x8_sve2
----------------
IN: dynopt_satd_8x8_sve2
0x004008f8:  6e6664e6  umax     v6.8h, v7.8h, v6.8h

Trace 0: 0x7f2a8c139c40 [80081009311/00000000004008f8/00000001/00000201] dynopt_satd_8x8_sve2
----------------
IN: dynopt_satd_8x8_sve2
0x004008fc:  6e7038df  uaddlv   s31, v6.8h

Trace 0: 0x7f2a8c139d80 [80081009311/00000000004008fc/00000001/00000201] dynopt_satd_8x8_sve2
----------------
IN: dynopt_satd_8x8_sve2
0x00400900:  1e2603e2  fmov     w2, s31

Trace 0: 0x7f2a8c139f00 [80081009311/0000000000400900/00000001/00000201] dynopt_satd_8x8_sve2
----------------
IN: dynopt_satd_8x8_sve2
0x00400904:  0b000040  add      w0, w2, w0

Trace 0: 0x7f2a8c13a040 [80081009311/0000000000400904/00000001/00000201] dynopt_satd_8x8_sve2
----------------
IN: dynopt_satd_8x8_sve2
0x00400908:  34000063  cbz      w3, #0x400914

Trace 0: 0x7f2a8c13a180 [80081009311/0000000000400908/00000001/00000201] dynopt_satd_8x8_sve2
----------------
IN: dynopt_satd_8x8_sve2
0x00400914:  52800023  mov      w3, #1

Trace 0: 0x7f2a8c13a2c0 [80081009311/0000000000400914/00000001/00000201] dynopt_satd_8x8_sve2
----------------
IN: dynopt_satd_8x8_sve2
0x00400918:  17ffffce  b        #0x400850

Trace 0: 0x7f2a8c13a400 [80081009311/0000000000400918/00000001/00000201] dynopt_satd_8x8_sve2
Trace 0: 0x7f2a8c136440 [80081009311/0000000000400850/00000001/00000201] dynopt_satd_8x8_sve2
Trace 0: 0x7f2a8c136580 [80081009311/0000000000400854/00000001/00000201] dynopt_satd_8x8_sve2
Trace 0: 0x7f2a8c136700 [80081009311/0000000000400858/00000001/00000201] dynopt_satd_8x8_sve2
Trace 0: 0x7f2a8c136840 [80081009311/000000000040085c/00000001/00000201] dynopt_satd_8x8_sve2
Trace 0: 0x7f2a8c136980 [80081009311/0000000000400860/00000001/00000201] dynopt_satd_8x8_sve2
Trace 0: 0x7f2a8c136ac0 [80081009311/0000000000400864/00000001/00000201] dynopt_satd_8x8_sve2
Trace 0: 0x7f2a8c136c00 [80081009311/0000000000400868/00000001/00000201] dynopt_satd_8x8_sve2
Trace 0: 0x7f2a8c136d40 [80081009311/000000000040086c/00000001/00000201] dynopt_satd_8x8_sve2
Trace 0: 0x7f2a8c136e80 [80081009311/0000000000400870/00000001/00000201] dynopt_satd_8x8_sve2
Trace 0: 0x7f2a8c136fc0 [80081009311/0000000000400874/00000001/00000201] dynopt_satd_8x8_sve2
Trace 0: 0x7f2a8c137100 [80081009311/0000000000400878/00000001/00000201] dynopt_satd_8x8_sve2
Trace 0: 0x7f2a8c137240 [80081009311/000000000040087c/00000001/00000201] dynopt_satd_8x8_sve2
Trace 0: 0x7f2a8c137380 [80081009311/0000000000400880/00000001/00000201] dynopt_satd_8x8_sve2
Trace 0: 0x7f2a8c1374c0 [80081009311/0000000000400884/00000001/00000201] dynopt_satd_8x8_sve2
Trace 0: 0x7f2a8c137680 [80081009311/0000000000400888/00000001/00000201] dynopt_satd_8x8_sve2
Trace 0: 0x7f2a8c137840 [80081009311/000000000040088c/00000001/00000201] dynopt_satd_8x8_sve2
Trace 0: 0x7f2a8c137980 [80081009311/0000000000400890/00000001/00000201] dynopt_satd_8x8_sve2
Trace 0: 0x7f2a8c137ac0 [80081009311/0000000000400894/00000001/00000201] dynopt_satd_8x8_sve2
Trace 0: 0x7f2a8c137c00 [80081009311/0000000000400898/00000001/00000201] dynopt_satd_8x8_sve2
Trace 0: 0x7f2a8c137d80 [80081009311/000000000040089c/00000001/00000201] dynopt_satd_8x8_sve2
Trace 0: 0x7f2a8c137f00 [80081009311/00000000004008a0/00000001/00000201] dynopt_satd_8x8_sve2
Trace 0: 0x7f2a8c138040 [80081009311/00000000004008a4/00000001/00000201] dynopt_satd_8x8_sve2
Trace 0: 0x7f2a8c1381c0 [80081009311/00000000004008a8/00000001/00000201] dynopt_satd_8x8_sve2
Trace 0: 0x7f2a8c138300 [80081009311/00000000004008ac/00000001/00000201] dynopt_satd_8x8_sve2
Trace 0: 0x7f2a8c138440 [80081009311/00000000004008b0/00000001/00000201] dynopt_satd_8x8_sve2
Trace 0: 0x7f2a8c138580 [80081009311/00000000004008b4/00000001/00000201] dynopt_satd_8x8_sve2
Trace 0: 0x7f2a8c1386c0 [80081009311/00000000004008b8/00000001/00000201] dynopt_satd_8x8_sve2
Trace 0: 0x7f2a8c138800 [80081009311/00000000004008bc/00000001/00000201] dynopt_satd_8x8_sve2
Trace 0: 0x7f2a8c138940 [80081009311/00000000004008c0/00000001/00000201] dynopt_satd_8x8_sve2
Trace 0: 0x7f2a8c138a80 [80081009311/00000000004008c4/00000001/00000201] dynopt_satd_8x8_sve2
Trace 0: 0x7f2a8c138bc0 [80081009311/00000000004008c8/00000001/00000201] dynopt_satd_8x8_sve2
Trace 0: 0x7f2a8c138d00 [80081009311/00000000004008cc/00000001/00000201] dynopt_satd_8x8_sve2
Trace 0: 0x7f2a8c138e40 [80081009311/00000000004008d0/00000001/00000201] dynopt_satd_8x8_sve2
Trace 0: 0x7f2a8c138f80 [80081009311/00000000004008d4/00000001/00000201] dynopt_satd_8x8_sve2
Trace 0: 0x7f2a8c1390c0 [80081009311/00000000004008d8/00000001/00000201] dynopt_satd_8x8_sve2
Trace 0: 0x7f2a8c139200 [80081009311/00000000004008dc/00000001/00000201] dynopt_satd_8x8_sve2
Trace 0: 0x7f2a8c1393c0 [80081009311/00000000004008e0/00000001/00000201] dynopt_satd_8x8_sve2
Trace 0: 0x7f2a8c139580 [80081009311/00000000004008e4/00000001/00000201] dynopt_satd_8x8_sve2
Trace 0: 0x7f2a8c1396c0 [80081009311/00000000004008e8/00000001/00000201] dynopt_satd_8x8_sve2
Trace 0: 0x7f2a8c139800 [80081009311/00000000004008ec/00000001/00000201] dynopt_satd_8x8_sve2
Trace 0: 0x7f2a8c139940 [80081009311/00000000004008f0/00000001/00000201] dynopt_satd_8x8_sve2
Trace 0: 0x7f2a8c139ac0 [80081009311/00000000004008f4/00000001/00000201] dynopt_satd_8x8_sve2
Trace 0: 0x7f2a8c139c40 [80081009311/00000000004008f8/00000001/00000201] dynopt_satd_8x8_sve2
Trace 0: 0x7f2a8c139d80 [80081009311/00000000004008fc/00000001/00000201] dynopt_satd_8x8_sve2
Trace 0: 0x7f2a8c139f00 [80081009311/0000000000400900/00000001/00000201] dynopt_satd_8x8_sve2
Trace 0: 0x7f2a8c13a040 [80081009311/0000000000400904/00000001/00000201] dynopt_satd_8x8_sve2
Trace 0: 0x7f2a8c13a180 [80081009311/0000000000400908/00000001/00000201] dynopt_satd_8x8_sve2
----------------
IN: dynopt_satd_8x8_sve2
0x0040090c:  910203ff  add      sp, sp, #0x80

Trace 0: 0x7f2a8c13a540 [80081009311/000000000040090c/00000001/00000201] dynopt_satd_8x8_sve2
----------------
IN: dynopt_satd_8x8_sve2
0x00400910:  d65f03c0  ret      

Trace 0: 0x7f2a8c13a680 [80081009311/0000000000400910/00000001/00000201] dynopt_satd_8x8_sve2
----------------
IN: call_fini
0x00400920:  a9be7bfd  stp      x29, x30, [sp, #-0x20]!

Trace 0: 0x7f2a8c141600 [80081009b11/0000000000400920/00000001/00000201] call_fini
