----------------
IN: dynopt_satd_8x8_sve2
0x004007a0:  fd40001f  ldr      d31, [x0]

Trace 0: 0x7f4530132640 [80081009311/00000000004007a0/00000001/00000201] dynopt_satd_8x8_sve2
----------------
IN: dynopt_satd_8x8_sve2
0x004007a4:  8b010005  add      x5, x0, x1

Trace 0: 0x7f4530132780 [80081009311/00000000004007a4/00000001/00000201] dynopt_satd_8x8_sve2
----------------
IN: dynopt_satd_8x8_sve2
0x004007a8:  fd40005e  ldr      d30, [x2]

Trace 0: 0x7f45301328c0 [80081009311/00000000004007a8/00000001/00000201] dynopt_satd_8x8_sve2
----------------
IN: dynopt_satd_8x8_sve2
0x004007ac:  8b030044  add      x4, x2, x3

Trace 0: 0x7f4530132a00 [80081009311/00000000004007ac/00000001/00000201] dynopt_satd_8x8_sve2
----------------
IN: dynopt_satd_8x8_sve2
0x004007b0:  fc616817  ldr      d23, [x0, x1]

Trace 0: 0x7f4530132b40 [80081009311/00000000004007b0/00000001/00000201] dynopt_satd_8x8_sve2
----------------
IN: dynopt_satd_8x8_sve2
0x004007b4:  8b010400  add      x0, x0, x1, lsl #1

Trace 0: 0x7f4530132c80 [80081009311/00000000004007b4/00000001/00000201] dynopt_satd_8x8_sve2
----------------
IN: dynopt_satd_8x8_sve2
0x004007b8:  2e3e23fe  usubl    v30.8h, v31.8b, v30.8b

Trace 0: 0x7f4530132dc0 [80081009311/00000000004007b8/00000001/00000201] dynopt_satd_8x8_sve2
----------------
IN: dynopt_satd_8x8_sve2
0x004007bc:  fc63685f  ldr      d31, [x2, x3]

Trace 0: 0x7f4530132fc0 [80081009311/00000000004007bc/00000001/00000201] dynopt_satd_8x8_sve2
----------------
IN: dynopt_satd_8x8_sve2
0x004007c0:  fc63689d  ldr      d29, [x4, x3]

Trace 0: 0x7f4530133100 [80081009311/00000000004007c0/00000001/00000201] dynopt_satd_8x8_sve2
----------------
IN: dynopt_satd_8x8_sve2
0x004007c4:  8b030442  add      x2, x2, x3, lsl #1

Trace 0: 0x7f4530133240 [80081009311/00000000004007c4/00000001/00000201] dynopt_satd_8x8_sve2
----------------
IN: dynopt_satd_8x8_sve2
0x004007c8:  fc606839  ldr      d25, [x1, x0]

Trace 0: 0x7f4530133380 [80081009311/00000000004007c8/00000001/00000201] dynopt_satd_8x8_sve2
----------------
IN: dynopt_satd_8x8_sve2
0x004007cc:  8b020064  add      x4, x3, x2

Trace 0: 0x7f45301334c0 [80081009311/00000000004007cc/00000001/00000201] dynopt_satd_8x8_sve2
----------------
IN: dynopt_satd_8x8_sve2
0x004007d0:  2e3f22f7  usubl    v23.8h, v23.8b, v31.8b

Trace 0: 0x7f4530133600 [80081009311/00000000004007d0/00000001/00000201] dynopt_satd_8x8_sve2
----------------
IN: dynopt_satd_8x8_sve2
0x004007d4:  fc6168bf  ldr      d31, [x5, x1]

Trace 0: 0x7f4530133800 [80081009311/00000000004007d4/00000001/00000201] dynopt_satd_8x8_sve2
----------------
IN: dynopt_satd_8x8_sve2
0x004007d8:  8b000025  add      x5, x1, x0

Trace 0: 0x7f4530133940 [80081009311/00000000004007d8/00000001/00000201] dynopt_satd_8x8_sve2
----------------
IN: dynopt_satd_8x8_sve2
0x004007dc:  8b010400  add      x0, x0, x1, lsl #1

Trace 0: 0x7f4530133a80 [80081009311/00000000004007dc/00000001/00000201] dynopt_satd_8x8_sve2
----------------
IN: dynopt_satd_8x8_sve2
0x004007e0:  fc64687c  ldr      d28, [x3, x4]

Trace 0: 0x7f4530133bc0 [80081009311/00000000004007e0/00000001/00000201] dynopt_satd_8x8_sve2
----------------
IN: dynopt_satd_8x8_sve2
0x004007e4:  2e3d23ff  usubl    v31.8h, v31.8b, v29.8b

Trace 0: 0x7f4530133d00 [80081009311/00000000004007e4/00000001/00000201] dynopt_satd_8x8_sve2
----------------
IN: dynopt_satd_8x8_sve2
0x004007e8:  fc62687d  ldr      d29, [x3, x2]

Trace 0: 0x7f4530133f00 [80081009311/00000000004007e8/00000001/00000201] dynopt_satd_8x8_sve2
----------------
IN: dynopt_satd_8x8_sve2
0x004007ec:  8b030442  add      x2, x2, x3, lsl #1

Trace 0: 0x7f4530134040 [80081009311/00000000004007ec/00000001/00000201] dynopt_satd_8x8_sve2
----------------
IN: dynopt_satd_8x8_sve2
0x004007f0:  fc606838  ldr      d24, [x1, x0]

Trace 0: 0x7f4530134180 [80081009311/00000000004007f0/00000001/00000201] dynopt_satd_8x8_sve2
----------------
IN: dynopt_satd_8x8_sve2
0x004007f4:  8b020064  add      x4, x3, x2

Trace 0: 0x7f45301342c0 [80081009311/00000000004007f4/00000001/00000201] dynopt_satd_8x8_sve2
----------------
IN: dynopt_satd_8x8_sve2
0x004007f8:  2e3d2339  usubl    v25.8h, v25.8b, v29.8b

Trace 0: 0x7f4530134400 [80081009311/00000000004007f8/00000001/00000201] dynopt_satd_8x8_sve2
----------------
IN: dynopt_satd_8x8_sve2
0x004007fc:  fc65683d  ldr      d29, [x1, x5]

Trace 0: 0x7f4530134600 [80081009311/00000000004007fc/00000001/00000201] dynopt_satd_8x8_sve2
----------------
IN: dynopt_satd_8x8_sve2
0x00400800:  8b000025  add      x5, x1, x0

Trace 0: 0x7f4530134740 [80081009311/0000000000400800/00000001/00000201] dynopt_satd_8x8_sve2
----------------
IN: dynopt_satd_8x8_sve2
0x00400804:  8b010400  add      x0, x0, x1, lsl #1

Trace 0: 0x7f4530134880 [80081009311/0000000000400804/00000001/00000201] dynopt_satd_8x8_sve2
----------------
IN: dynopt_satd_8x8_sve2
0x00400808:  2e3c23bd  usubl    v29.8h, v29.8b, v28.8b

Trace 0: 0x7f45301349c0 [80081009311/0000000000400808/00000001/00000201] dynopt_satd_8x8_sve2
----------------
IN: dynopt_satd_8x8_sve2
0x0040080c:  fc62687c  ldr      d28, [x3, x2]

Trace 0: 0x7f4530134bc0 [80081009311/000000000040080c/00000001/00000201] dynopt_satd_8x8_sve2
----------------
IN: dynopt_satd_8x8_sve2
0x00400810:  fc65683b  ldr      d27, [x1, x5]

Trace 0: 0x7f4530134d00 [80081009311/0000000000400810/00000001/00000201] dynopt_satd_8x8_sve2
----------------
IN: dynopt_satd_8x8_sve2
0x00400814:  8b030442  add      x2, x2, x3, lsl #1

Trace 0: 0x7f4530134e40 [80081009311/0000000000400814/00000001/00000201] dynopt_satd_8x8_sve2
----------------
IN: dynopt_satd_8x8_sve2
0x00400818:  fc60683a  ldr      d26, [x1, x0]

Trace 0: 0x7f4530134f80 [80081009311/0000000000400818/00000001/00000201] dynopt_satd_8x8_sve2
----------------
IN: dynopt_satd_8x8_sve2
0x0040081c:  2e3c2318  usubl    v24.8h, v24.8b, v28.8b

Trace 0: 0x7f45301350c0 [80081009311/000000000040081c/00000001/00000201] dynopt_satd_8x8_sve2
----------------
IN: dynopt_satd_8x8_sve2
0x00400820:  fc64687c  ldr      d28, [x3, x4]

Trace 0: 0x7f45301352c0 [80081009311/0000000000400820/00000001/00000201] dynopt_satd_8x8_sve2
----------------
IN: dynopt_satd_8x8_sve2
0x00400824:  2e3c237b  usubl    v27.8h, v27.8b, v28.8b

Trace 0: 0x7f4530135400 [80081009311/0000000000400824/00000001/00000201] dynopt_satd_8x8_sve2
----------------
IN: dynopt_satd_8x8_sve2
0x00400828:  fc62687c  ldr      d28, [x3, x2]

Trace 0: 0x7f4530135600 [80081009311/0000000000400828/00000001/00000201] dynopt_satd_8x8_sve2
----------------
IN: dynopt_satd_8x8_sve2
0x0040082c:  2e3c235a  usubl    v26.8h, v26.8b, v28.8b

Trace 0: 0x7f4530135740 [80081009311/000000000040082c/00000001/00000201] dynopt_satd_8x8_sve2
----------------
IN: dynopt_satd_8x8_sve2
0x00400830:  4e7787dc  add      v28.8h, v30.8h, v23.8h

Trace 0: 0x7f4530135940 [80081009311/0000000000400830/00000001/00000201] dynopt_satd_8x8_sve2
----------------
IN: dynopt_satd_8x8_sve2
0x00400834:  6e7787de  sub      v30.8h, v30.8h, v23.8h

Trace 0: 0x7f4530135a80 [80081009311/0000000000400834/00000001/00000201] dynopt_satd_8x8_sve2
----------------
IN: dynopt_satd_8x8_sve2
0x00400838:  4e7987f7  add      v23.8h, v31.8h, v25.8h

Trace 0: 0x7f4530135bc0 [80081009311/0000000000400838/00000001/00000201] dynopt_satd_8x8_sve2
----------------
IN: dynopt_satd_8x8_sve2
0x0040083c:  6e7987ff  sub      v31.8h, v31.8h, v25.8h

Trace 0: 0x7f4530135d00 [80081009311/000000000040083c/00000001/00000201] dynopt_satd_8x8_sve2
----------------
IN: dynopt_satd_8x8_sve2
0x00400840:  4e778799  add      v25.8h, v28.8h, v23.8h

Trace 0: 0x7f4530135e40 [80081009311/0000000000400840/00000001/00000201] dynopt_satd_8x8_sve2
----------------
IN: dynopt_satd_8x8_sve2
0x00400844:  4e7f87d6  add      v22.8h, v30.8h, v31.8h

Trace 0: 0x7f4530135f80 [80081009311/0000000000400844/00000001/00000201] dynopt_satd_8x8_sve2
----------------
IN: dynopt_satd_8x8_sve2
0x00400848:  6e77879c  sub      v28.8h, v28.8h, v23.8h

Trace 0: 0x7f45301360c0 [80081009311/0000000000400848/00000001/00000201] dynopt_satd_8x8_sve2
----------------
IN: dynopt_satd_8x8_sve2
0x0040084c:  6e7f87de  sub      v30.8h, v30.8h, v31.8h

Trace 0: 0x7f4530136200 [80081009311/000000000040084c/00000001/00000201] dynopt_satd_8x8_sve2
----------------
IN: dynopt_satd_8x8_sve2
0x00400850:  4e7887bf  add      v31.8h, v29.8h, v24.8h

Trace 0: 0x7f4530136340 [80081009311/0000000000400850/00000001/00000201] dynopt_satd_8x8_sve2
----------------
IN: dynopt_satd_8x8_sve2
0x00400854:  6e7887bd  sub      v29.8h, v29.8h, v24.8h

Trace 0: 0x7f4530136480 [80081009311/0000000000400854/00000001/00000201] dynopt_satd_8x8_sve2
----------------
IN: dynopt_satd_8x8_sve2
0x00400858:  4e7a8778  add      v24.8h, v27.8h, v26.8h

Trace 0: 0x7f45301365c0 [80081009311/0000000000400858/00000001/00000201] dynopt_satd_8x8_sve2
----------------
IN: dynopt_satd_8x8_sve2
0x0040085c:  6e7a877b  sub      v27.8h, v27.8h, v26.8h

Trace 0: 0x7f4530136700 [80081009311/000000000040085c/00000001/00000201] dynopt_satd_8x8_sve2
----------------
IN: dynopt_satd_8x8_sve2
0x00400860:  4e5e2b9a  trn1     v26.8h, v28.8h, v30.8h

Trace 0: 0x7f4530136840 [80081009311/0000000000400860/00000001/00000201] dynopt_satd_8x8_sve2
----------------
IN: dynopt_satd_8x8_sve2
0x00400864:  4e5e6b9e  trn2     v30.8h, v28.8h, v30.8h

Trace 0: 0x7f4530136a00 [80081009311/0000000000400864/00000001/00000201] dynopt_satd_8x8_sve2
----------------
IN: dynopt_satd_8x8_sve2
0x00400868:  4e7887f7  add      v23.8h, v31.8h, v24.8h

Trace 0: 0x7f4530136bc0 [80081009311/0000000000400868/00000001/00000201] dynopt_satd_8x8_sve2
----------------
IN: dynopt_satd_8x8_sve2
0x0040086c:  4e7b87b5  add      v21.8h, v29.8h, v27.8h

Trace 0: 0x7f4530136d00 [80081009311/000000000040086c/00000001/00000201] dynopt_satd_8x8_sve2
----------------
IN: dynopt_satd_8x8_sve2
0x00400870:  6e7887ff  sub      v31.8h, v31.8h, v24.8h

Trace 0: 0x7f4530136e40 [80081009311/0000000000400870/00000001/00000201] dynopt_satd_8x8_sve2
----------------
IN: dynopt_satd_8x8_sve2
0x00400874:  6e7b87bd  sub      v29.8h, v29.8h, v27.8h

Trace 0: 0x7f4530136f80 [80081009311/0000000000400874/00000001/00000201] dynopt_satd_8x8_sve2
----------------
IN: dynopt_satd_8x8_sve2
0x00400878:  4e562b3b  trn1     v27.8h, v25.8h, v22.8h

Trace 0: 0x7f45301370c0 [80081009311/0000000000400878/00000001/00000201] dynopt_satd_8x8_sve2
----------------
IN: dynopt_satd_8x8_sve2
0x0040087c:  4e566b39  trn2     v25.8h, v25.8h, v22.8h

Trace 0: 0x7f4530137280 [80081009311/000000000040087c/00000001/00000201] dynopt_satd_8x8_sve2
----------------
IN: dynopt_satd_8x8_sve2
0x00400880:  4e7e8756  add      v22.8h, v26.8h, v30.8h

Trace 0: 0x7f4530137440 [80081009311/0000000000400880/00000001/00000201] dynopt_satd_8x8_sve2
----------------
IN: dynopt_satd_8x8_sve2
0x00400884:  4e5d2bfc  trn1     v28.8h, v31.8h, v29.8h

Trace 0: 0x7f4530137580 [80081009311/0000000000400884/00000001/00000201] dynopt_satd_8x8_sve2
----------------
IN: dynopt_satd_8x8_sve2
0x00400888:  4e5d6bff  trn2     v31.8h, v31.8h, v29.8h

Trace 0: 0x7f4530137740 [80081009311/0000000000400888/00000001/00000201] dynopt_satd_8x8_sve2
----------------
IN: dynopt_satd_8x8_sve2
0x0040088c:  4e798778  add      v24.8h, v27.8h, v25.8h

Trace 0: 0x7f4530137900 [80081009311/000000000040088c/00000001/00000201] dynopt_satd_8x8_sve2
----------------
IN: dynopt_satd_8x8_sve2
0x00400890:  4e79777b  sabd     v27.8h, v27.8h, v25.8h

Trace 0: 0x7f4530137a40 [80081009311/0000000000400890/00000001/00000201] dynopt_satd_8x8_sve2
----------------
IN: dynopt_satd_8x8_sve2
0x00400894:  4e7e7759  sabd     v25.8h, v26.8h, v30.8h

Trace 0: 0x7f4530137b80 [80081009311/0000000000400894/00000001/00000201] dynopt_satd_8x8_sve2
----------------
IN: dynopt_satd_8x8_sve2
0x00400898:  4e552afe  trn1     v30.8h, v23.8h, v21.8h

Trace 0: 0x7f4530137cc0 [80081009311/0000000000400898/00000001/00000201] dynopt_satd_8x8_sve2
----------------
IN: dynopt_satd_8x8_sve2
0x0040089c:  4e556af7  trn2     v23.8h, v23.8h, v21.8h

Trace 0: 0x7f4530137e80 [80081009311/000000000040089c/00000001/00000201] dynopt_satd_8x8_sve2
----------------
IN: dynopt_satd_8x8_sve2
0x004008a0:  4e60bad6  abs      v22.8h, v22.8h

Trace 0: 0x7f4530138040 [80081009311/00000000004008a0/00000001/00000201] dynopt_satd_8x8_sve2
----------------
IN: dynopt_satd_8x8_sve2
0x004008a4:  4e60bb18  abs      v24.8h, v24.8h

Trace 0: 0x7f4530138180 [80081009311/00000000004008a4/00000001/00000201] dynopt_satd_8x8_sve2
----------------
IN: dynopt_satd_8x8_sve2
0x004008a8:  4e7787da  add      v26.8h, v30.8h, v23.8h

Trace 0: 0x7f45301382c0 [80081009311/00000000004008a8/00000001/00000201] dynopt_satd_8x8_sve2
----------------
IN: dynopt_satd_8x8_sve2
0x004008ac:  4e7777de  sabd     v30.8h, v30.8h, v23.8h

Trace 0: 0x7f4530138400 [80081009311/00000000004008ac/00000001/00000201] dynopt_satd_8x8_sve2
----------------
IN: dynopt_satd_8x8_sve2
0x004008b0:  4e7f8797  add      v23.8h, v28.8h, v31.8h

Trace 0: 0x7f4530138540 [80081009311/00000000004008b0/00000001/00000201] dynopt_satd_8x8_sve2
----------------
IN: dynopt_satd_8x8_sve2
0x004008b4:  4e7f779c  sabd     v28.8h, v28.8h, v31.8h

Trace 0: 0x7f4530138680 [80081009311/00000000004008b4/00000001/00000201] dynopt_satd_8x8_sve2
----------------
IN: dynopt_satd_8x8_sve2
0x004008b8:  4e60bb5a  abs      v26.8h, v26.8h

Trace 0: 0x7f45301387c0 [80081009311/00000000004008b8/00000001/00000201] dynopt_satd_8x8_sve2
----------------
IN: dynopt_satd_8x8_sve2
0x004008bc:  4e992b7f  trn1     v31.4s, v27.4s, v25.4s

Trace 0: 0x7f4530138900 [80081009311/00000000004008bc/00000001/00000201] dynopt_satd_8x8_sve2
----------------
IN: dynopt_satd_8x8_sve2
0x004008c0:  4e60baf7  abs      v23.8h, v23.8h

Trace 0: 0x7f4530138a80 [80081009311/00000000004008c0/00000001/00000201] dynopt_satd_8x8_sve2
----------------
IN: dynopt_satd_8x8_sve2
0x004008c4:  4e996b7b  trn2     v27.4s, v27.4s, v25.4s

Trace 0: 0x7f4530138bc0 [80081009311/00000000004008c4/00000001/00000201] dynopt_satd_8x8_sve2
----------------
IN: dynopt_satd_8x8_sve2
0x004008c8:  4e962b1d  trn1     v29.4s, v24.4s, v22.4s

Trace 0: 0x7f4530138d40 [80081009311/00000000004008c8/00000001/00000201] dynopt_satd_8x8_sve2
----------------
IN: dynopt_satd_8x8_sve2
0x004008cc:  4e966b18  trn2     v24.4s, v24.4s, v22.4s

Trace 0: 0x7f4530138ec0 [80081009311/00000000004008cc/00000001/00000201] dynopt_satd_8x8_sve2
----------------
IN: dynopt_satd_8x8_sve2
0x004008d0:  6e7b67f9  umax     v25.8h, v31.8h, v27.8h

Trace 0: 0x7f4530139040 [80081009311/00000000004008d0/00000001/00000201] dynopt_satd_8x8_sve2
----------------
IN: dynopt_satd_8x8_sve2
0x004008d4:  4e972b5f  trn1     v31.4s, v26.4s, v23.4s

Trace 0: 0x7f4530139180 [80081009311/00000000004008d4/00000001/00000201] dynopt_satd_8x8_sve2
----------------
IN: dynopt_satd_8x8_sve2
0x004008d8:  4e9c2bdb  trn1     v27.4s, v30.4s, v28.4s

Trace 0: 0x7f4530139300 [80081009311/00000000004008d8/00000001/00000201] dynopt_satd_8x8_sve2
----------------
IN: dynopt_satd_8x8_sve2
0x004008dc:  4e976b5a  trn2     v26.4s, v26.4s, v23.4s

Trace 0: 0x7f4530139480 [80081009311/00000000004008dc/00000001/00000201] dynopt_satd_8x8_sve2
----------------
IN: dynopt_satd_8x8_sve2
0x004008e0:  4e9c6bde  trn2     v30.4s, v30.4s, v28.4s

Trace 0: 0x7f4530139600 [80081009311/00000000004008e0/00000001/00000201] dynopt_satd_8x8_sve2
----------------
IN: dynopt_satd_8x8_sve2
0x004008e4:  6e7867bd  umax     v29.8h, v29.8h, v24.8h

Trace 0: 0x7f4530139780 [80081009311/00000000004008e4/00000001/00000201] dynopt_satd_8x8_sve2
----------------
IN: dynopt_satd_8x8_sve2
0x004008e8:  6e7a67ff  umax     v31.8h, v31.8h, v26.8h

Trace 0: 0x7f45301398c0 [80081009311/00000000004008e8/00000001/00000201] dynopt_satd_8x8_sve2
----------------
IN: dynopt_satd_8x8_sve2
0x004008ec:  6e7e677c  umax     v28.8h, v27.8h, v30.8h

Trace 0: 0x7f4530139a00 [80081009311/00000000004008ec/00000001/00000201] dynopt_satd_8x8_sve2
----------------
IN: dynopt_satd_8x8_sve2
0x004008f0:  4e7987be  add      v30.8h, v29.8h, v25.8h

Trace 0: 0x7f4530139b40 [80081009311/00000000004008f0/00000001/00000201] dynopt_satd_8x8_sve2
----------------
IN: dynopt_satd_8x8_sve2
0x004008f4:  4e7c87ff  add      v31.8h, v31.8h, v28.8h

Trace 0: 0x7f4530139c80 [80081009311/00000000004008f4/00000001/00000201] dynopt_satd_8x8_sve2
----------------
IN: dynopt_satd_8x8_sve2
0x004008f8:  6e703bde  uaddlv   s30, v30.8h

Trace 0: 0x7f4530139dc0 [80081009311/00000000004008f8/00000001/00000201] dynopt_satd_8x8_sve2
----------------
IN: dynopt_satd_8x8_sve2
0x004008fc:  6e703bff  uaddlv   s31, v31.8h

Trace 0: 0x7f4530139f40 [80081009311/00000000004008fc/00000001/00000201] dynopt_satd_8x8_sve2
----------------
IN: dynopt_satd_8x8_sve2
0x00400900:  1e2603c1  fmov     w1, s30

Trace 0: 0x7f453013a0c0 [80081009311/0000000000400900/00000001/00000201] dynopt_satd_8x8_sve2
----------------
IN: dynopt_satd_8x8_sve2
0x00400904:  1e2603e0  fmov     w0, s31

Trace 0: 0x7f453013a200 [80081009311/0000000000400904/00000001/00000201] dynopt_satd_8x8_sve2
----------------
IN: dynopt_satd_8x8_sve2
0x00400908:  0b000020  add      w0, w1, w0

Trace 0: 0x7f453013a340 [80081009311/0000000000400908/00000001/00000201] dynopt_satd_8x8_sve2
----------------
IN: dynopt_satd_8x8_sve2
0x0040090c:  d65f03c0  ret      

Trace 0: 0x7f453013a480 [80081009311/000000000040090c/00000001/00000201] dynopt_satd_8x8_sve2
----------------
IN: call_fini
0x00400920:  a9be7bfd  stp      x29, x30, [sp, #-0x20]!

Trace 0: 0x7f4530141400 [80081009b11/0000000000400920/00000001/00000201] call_fini
