----------------
IN: dynopt_satd_8x8_sve2
0x00400794:  2558e100  ptrue    p0.h, vl8

Trace 0: 0x7f4b24130a00 [80081009311/0000000000400794/00000001/00000201] dynopt_satd_8x8_sve2
----------------
IN: dynopt_satd_8x8_sve2
0x00400798:  d37ff828  lsl      x8, x1, #1

Trace 0: 0x7f4b24130b40 [80081009311/0000000000400798/00000001/00000201] dynopt_satd_8x8_sve2
----------------
IN: dynopt_satd_8x8_sve2
0x0040079c:  d37ff869  lsl      x9, x3, #1

Trace 0: 0x7f4b24130c80 [80081009311/000000000040079c/00000001/00000201] dynopt_satd_8x8_sve2
----------------
IN: dynopt_satd_8x8_sve2
0x004007a0:  d37df02d  lsl      x13, x1, #3

Trace 0: 0x7f4b24130dc0 [80081009311/00000000004007a0/00000001/00000201] dynopt_satd_8x8_sve2
----------------
IN: dynopt_satd_8x8_sve2
0x004007a4:  d37df06f  lsl      x15, x3, #3

Trace 0: 0x7f4b24130f00 [80081009311/00000000004007a4/00000001/00000201] dynopt_satd_8x8_sve2
----------------
IN: dynopt_satd_8x8_sve2
0x004007a8:  2558e3e1  ptrue    p1.h

Trace 0: 0x7f4b24131040 [80081009311/00000000004007a8/00000001/00000201] dynopt_satd_8x8_sve2
----------------
IN: dynopt_satd_8x8_sve2
0x004007ac:  8b01010a  add      x10, x8, x1

Trace 0: 0x7f4b24131180 [80081009311/00000000004007ac/00000001/00000201] dynopt_satd_8x8_sve2
----------------
IN: dynopt_satd_8x8_sve2
0x004007b0:  a4284004  ld1b     {z4.h}, p0/z, [x0, x8]

Trace 0: 0x7f4b241312c0 [80081009311/00000000004007b0/00000001/00000201] dynopt_satd_8x8_sve2
----------------
IN: dynopt_satd_8x8_sve2
0x004007b4:  528000c8  mov      w8, #6

Trace 0: 0x7f4b24131400 [80081009311/00000000004007b4/00000001/00000201] dynopt_satd_8x8_sve2
----------------
IN: dynopt_satd_8x8_sve2
0x004007b8:  8b03012b  add      x11, x9, x3

Trace 0: 0x7f4b24131540 [80081009311/00000000004007b8/00000001/00000201] dynopt_satd_8x8_sve2
----------------
IN: dynopt_satd_8x8_sve2
0x004007bc:  a4294045  ld1b     {z5.h}, p0/z, [x2, x9]

Trace 0: 0x7f4b24131680 [80081009311/00000000004007bc/00000001/00000201] dynopt_satd_8x8_sve2
----------------
IN: dynopt_satd_8x8_sve2
0x004007c0:  9b087c29  mul      x9, x1, x8

Trace 0: 0x7f4b241317c0 [80081009311/00000000004007c0/00000001/00000201] dynopt_satd_8x8_sve2
----------------
IN: dynopt_satd_8x8_sve2
0x004007c4:  a420a000  ld1b     {z0.h}, p0/z, [x0]

Trace 0: 0x7f4b24131900 [80081009311/00000000004007c4/00000001/00000201] dynopt_satd_8x8_sve2
----------------
IN: dynopt_satd_8x8_sve2
0x004007c8:  a420a041  ld1b     {z1.h}, p0/z, [x2]

Trace 0: 0x7f4b24131a40 [80081009311/00000000004007c8/00000001/00000201] dynopt_satd_8x8_sve2
----------------
IN: dynopt_satd_8x8_sve2
0x004007cc:  a4214002  ld1b     {z2.h}, p0/z, [x0, x1]

Trace 0: 0x7f4b24131b80 [80081009311/00000000004007cc/00000001/00000201] dynopt_satd_8x8_sve2
----------------
IN: dynopt_satd_8x8_sve2
0x004007d0:  9b087c68  mul      x8, x3, x8

Trace 0: 0x7f4b24131cc0 [80081009311/00000000004007d0/00000001/00000201] dynopt_satd_8x8_sve2
----------------
IN: dynopt_satd_8x8_sve2
0x004007d4:  a4234043  ld1b     {z3.h}, p0/z, [x2, x3]

Trace 0: 0x7f4b24131e00 [80081009311/00000000004007d4/00000001/00000201] dynopt_satd_8x8_sve2
----------------
IN: dynopt_satd_8x8_sve2
0x004007d8:  a42a4006  ld1b     {z6.h}, p0/z, [x0, x10]

Trace 0: 0x7f4b24131f40 [80081009311/00000000004007d8/00000001/00000201] dynopt_satd_8x8_sve2
----------------
IN: dynopt_satd_8x8_sve2
0x004007dc:  a42b4047  ld1b     {z7.h}, p0/z, [x2, x11]

Trace 0: 0x7f4b24132080 [80081009311/00000000004007dc/00000001/00000201] dynopt_satd_8x8_sve2
----------------
IN: dynopt_satd_8x8_sve2
0x004007e0:  d37ef42a  lsl      x10, x1, #2

Trace 0: 0x7f4b241321c0 [80081009311/00000000004007e0/00000001/00000201] dynopt_satd_8x8_sve2
----------------
IN: dynopt_satd_8x8_sve2
0x004007e4:  d37ef46b  lsl      x11, x3, #2

Trace 0: 0x7f4b24132300 [80081009311/00000000004007e4/00000001/00000201] dynopt_satd_8x8_sve2
----------------
IN: dynopt_satd_8x8_sve2
0x004007e8:  04610400  sub      z0.h, z0.h, z1.h

Trace 0: 0x7f4b24132440 [80081009311/00000000004007e8/00000001/00000201] dynopt_satd_8x8_sve2
----------------
IN: dynopt_satd_8x8_sve2
0x004007ec:  04630441  sub      z1.h, z2.h, z3.h

Trace 0: 0x7f4b24132580 [80081009311/00000000004007ec/00000001/00000201] dynopt_satd_8x8_sve2
----------------
IN: dynopt_satd_8x8_sve2
0x004007f0:  04650482  sub      z2.h, z4.h, z5.h

Trace 0: 0x7f4b241326c0 [80081009311/00000000004007f0/00000001/00000201] dynopt_satd_8x8_sve2
----------------
IN: dynopt_satd_8x8_sve2
0x004007f4:  8b01014c  add      x12, x10, x1

Trace 0: 0x7f4b24132800 [80081009311/00000000004007f4/00000001/00000201] dynopt_satd_8x8_sve2
----------------
IN: dynopt_satd_8x8_sve2
0x004007f8:  8b03016e  add      x14, x11, x3

Trace 0: 0x7f4b24132940 [80081009311/00000000004007f8/00000001/00000201] dynopt_satd_8x8_sve2
----------------
IN: dynopt_satd_8x8_sve2
0x004007fc:  a42a4004  ld1b     {z4.h}, p0/z, [x0, x10]

Trace 0: 0x7f4b24132a80 [80081009311/00000000004007fc/00000001/00000201] dynopt_satd_8x8_sve2
----------------
IN: dynopt_satd_8x8_sve2
0x00400800:  a42b4045  ld1b     {z5.h}, p0/z, [x2, x11]

Trace 0: 0x7f4b24132bc0 [80081009311/0000000000400800/00000001/00000201] dynopt_satd_8x8_sve2
----------------
IN: dynopt_satd_8x8_sve2
0x00400804:  cb01000a  sub      x10, x0, x1

Trace 0: 0x7f4b24132d00 [80081009311/0000000000400804/00000001/00000201] dynopt_satd_8x8_sve2
----------------
IN: dynopt_satd_8x8_sve2
0x00400808:  cb03004b  sub      x11, x2, x3

Trace 0: 0x7f4b24132e40 [80081009311/0000000000400808/00000001/00000201] dynopt_satd_8x8_sve2
----------------
IN: dynopt_satd_8x8_sve2
0x0040080c:  046704c3  sub      z3.h, z6.h, z7.h

Trace 0: 0x7f4b24132f80 [80081009311/000000000040080c/00000001/00000201] dynopt_satd_8x8_sve2
----------------
IN: dynopt_satd_8x8_sve2
0x00400810:  a42c4006  ld1b     {z6.h}, p0/z, [x0, x12]

Trace 0: 0x7f4b241330c0 [80081009311/0000000000400810/00000001/00000201] dynopt_satd_8x8_sve2
----------------
IN: dynopt_satd_8x8_sve2
0x00400814:  a42e4047  ld1b     {z7.h}, p0/z, [x2, x14]

Trace 0: 0x7f4b24133200 [80081009311/0000000000400814/00000001/00000201] dynopt_satd_8x8_sve2
----------------
IN: dynopt_satd_8x8_sve2
0x00400818:  a4294010  ld1b     {z16.h}, p0/z, [x0, x9]

Trace 0: 0x7f4b24133340 [80081009311/0000000000400818/00000001/00000201] dynopt_satd_8x8_sve2
----------------
IN: dynopt_satd_8x8_sve2
0x0040081c:  a4284051  ld1b     {z17.h}, p0/z, [x2, x8]

Trace 0: 0x7f4b24133480 [80081009311/000000000040081c/00000001/00000201] dynopt_satd_8x8_sve2
----------------
IN: dynopt_satd_8x8_sve2
0x00400820:  a42d4152  ld1b     {z18.h}, p0/z, [x10, x13]

Trace 0: 0x7f4b241335c0 [80081009311/0000000000400820/00000001/00000201] dynopt_satd_8x8_sve2
----------------
IN: dynopt_satd_8x8_sve2
0x00400824:  a42f4173  ld1b     {z19.h}, p0/z, [x11, x15]

Trace 0: 0x7f4b24133700 [80081009311/0000000000400824/00000001/00000201] dynopt_satd_8x8_sve2
----------------
IN: dynopt_satd_8x8_sve2
0x00400828:  04650484  sub      z4.h, z4.h, z5.h

Trace 0: 0x7f4b24133840 [80081009311/0000000000400828/00000001/00000201] dynopt_satd_8x8_sve2
----------------
IN: dynopt_satd_8x8_sve2
0x0040082c:  046704c5  sub      z5.h, z6.h, z7.h

Trace 0: 0x7f4b24133980 [80081009311/000000000040082c/00000001/00000201] dynopt_satd_8x8_sve2
----------------
IN: dynopt_satd_8x8_sve2
0x00400830:  04600026  add      z6.h, z1.h, z0.h

Trace 0: 0x7f4b24133ac0 [80081009311/0000000000400830/00000001/00000201] dynopt_satd_8x8_sve2
----------------
IN: dynopt_satd_8x8_sve2
0x00400834:  04610400  sub      z0.h, z0.h, z1.h

Trace 0: 0x7f4b24133c00 [80081009311/0000000000400834/00000001/00000201] dynopt_satd_8x8_sve2
----------------
IN: dynopt_satd_8x8_sve2
0x00400838:  04620061  add      z1.h, z3.h, z2.h

Trace 0: 0x7f4b24133d40 [80081009311/0000000000400838/00000001/00000201] dynopt_satd_8x8_sve2
----------------
IN: dynopt_satd_8x8_sve2
0x0040083c:  04630442  sub      z2.h, z2.h, z3.h

Trace 0: 0x7f4b24133e80 [80081009311/000000000040083c/00000001/00000201] dynopt_satd_8x8_sve2
----------------
IN: dynopt_satd_8x8_sve2
0x00400840:  04710603  sub      z3.h, z16.h, z17.h

Trace 0: 0x7f4b24133fc0 [80081009311/0000000000400840/00000001/00000201] dynopt_satd_8x8_sve2
----------------
IN: dynopt_satd_8x8_sve2
0x00400844:  04730647  sub      z7.h, z18.h, z19.h

Trace 0: 0x7f4b24134100 [80081009311/0000000000400844/00000001/00000201] dynopt_satd_8x8_sve2
----------------
IN: dynopt_satd_8x8_sve2
0x00400848:  046400b2  add      z18.h, z5.h, z4.h

Trace 0: 0x7f4b24134240 [80081009311/0000000000400848/00000001/00000201] dynopt_satd_8x8_sve2
----------------
IN: dynopt_satd_8x8_sve2
0x0040084c:  04650484  sub      z4.h, z4.h, z5.h

Trace 0: 0x7f4b24134380 [80081009311/000000000040084c/00000001/00000201] dynopt_satd_8x8_sve2
----------------
IN: dynopt_satd_8x8_sve2
0x00400850:  04660030  add      z16.h, z1.h, z6.h

Trace 0: 0x7f4b241344c0 [80081009311/0000000000400850/00000001/00000201] dynopt_satd_8x8_sve2
----------------
IN: dynopt_satd_8x8_sve2
0x00400854:  04600051  add      z17.h, z2.h, z0.h

Trace 0: 0x7f4b24134600 [80081009311/0000000000400854/00000001/00000201] dynopt_satd_8x8_sve2
----------------
IN: dynopt_satd_8x8_sve2
0x00400858:  046104c1  sub      z1.h, z6.h, z1.h

Trace 0: 0x7f4b24134740 [80081009311/0000000000400858/00000001/00000201] dynopt_satd_8x8_sve2
----------------
IN: dynopt_satd_8x8_sve2
0x0040085c:  046300e5  add      z5.h, z7.h, z3.h

Trace 0: 0x7f4b24134880 [80081009311/000000000040085c/00000001/00000201] dynopt_satd_8x8_sve2
----------------
IN: dynopt_satd_8x8_sve2
0x00400860:  04670463  sub      z3.h, z3.h, z7.h

Trace 0: 0x7f4b241349c0 [80081009311/0000000000400860/00000001/00000201] dynopt_satd_8x8_sve2
----------------
IN: dynopt_satd_8x8_sve2
0x00400864:  04620400  sub      z0.h, z0.h, z2.h

Trace 0: 0x7f4b24134b00 [80081009311/0000000000400864/00000001/00000201] dynopt_satd_8x8_sve2
----------------
IN: dynopt_satd_8x8_sve2
0x00400868:  05717207  trn1     z7.h, z16.h, z17.h

Trace 0: 0x7f4b24134c40 [80081009311/0000000000400868/00000001/00000201] dynopt_satd_8x8_sve2
----------------
IN: dynopt_satd_8x8_sve2
0x0040086c:  05717610  trn2     z16.h, z16.h, z17.h

Trace 0: 0x7f4b24134d80 [80081009311/000000000040086c/00000001/00000201] dynopt_satd_8x8_sve2
----------------
IN: dynopt_satd_8x8_sve2
0x00400870:  047200a2  add      z2.h, z5.h, z18.h

Trace 0: 0x7f4b24134ec0 [80081009311/0000000000400870/00000001/00000201] dynopt_satd_8x8_sve2
----------------
IN: dynopt_satd_8x8_sve2
0x00400874:  04640066  add      z6.h, z3.h, z4.h

Trace 0: 0x7f4b24135000 [80081009311/0000000000400874/00000001/00000201] dynopt_satd_8x8_sve2
----------------
IN: dynopt_satd_8x8_sve2
0x00400878:  05607031  trn1     z17.h, z1.h, z0.h

Trace 0: 0x7f4b24135140 [80081009311/0000000000400878/00000001/00000201] dynopt_satd_8x8_sve2
----------------
IN: dynopt_satd_8x8_sve2
0x0040087c:  05607420  trn2     z0.h, z1.h, z0.h

Trace 0: 0x7f4b24135280 [80081009311/000000000040087c/00000001/00000201] dynopt_satd_8x8_sve2
----------------
IN: dynopt_satd_8x8_sve2
0x00400880:  04650641  sub      z1.h, z18.h, z5.h

Trace 0: 0x7f4b241353c0 [80081009311/0000000000400880/00000001/00000201] dynopt_satd_8x8_sve2
----------------
IN: dynopt_satd_8x8_sve2
0x00400884:  04630483  sub      z3.h, z4.h, z3.h

Trace 0: 0x7f4b24135500 [80081009311/0000000000400884/00000001/00000201] dynopt_satd_8x8_sve2
----------------
IN: dynopt_satd_8x8_sve2
0x00400888:  04670204  add      z4.h, z16.h, z7.h

Trace 0: 0x7f4b24135640 [80081009311/0000000000400888/00000001/00000201] dynopt_satd_8x8_sve2
----------------
IN: dynopt_satd_8x8_sve2
0x0040088c:  044c0607  sabd     z7.h, p1/m, z7.h, z16.h

Trace 0: 0x7f4b24135780 [80081009311/000000000040088c/00000001/00000201] dynopt_satd_8x8_sve2
----------------
IN: dynopt_satd_8x8_sve2
0x00400890:  05667052  trn1     z18.h, z2.h, z6.h

Trace 0: 0x7f4b241358c0 [80081009311/0000000000400890/00000001/00000201] dynopt_satd_8x8_sve2
----------------
IN: dynopt_satd_8x8_sve2
0x00400894:  05667442  trn2     z2.h, z2.h, z6.h

Trace 0: 0x7f4b24135a00 [80081009311/0000000000400894/00000001/00000201] dynopt_satd_8x8_sve2
----------------
IN: dynopt_satd_8x8_sve2
0x00400898:  04710005  add      z5.h, z0.h, z17.h

Trace 0: 0x7f4b24135b40 [80081009311/0000000000400898/00000001/00000201] dynopt_satd_8x8_sve2
----------------
IN: dynopt_satd_8x8_sve2
0x0040089c:  05637026  trn1     z6.h, z1.h, z3.h

Trace 0: 0x7f4b24135c80 [80081009311/000000000040089c/00000001/00000201] dynopt_satd_8x8_sve2
----------------
IN: dynopt_satd_8x8_sve2
0x004008a0:  05637421  trn2     z1.h, z1.h, z3.h

Trace 0: 0x7f4b24135dc0 [80081009311/00000000004008a0/00000001/00000201] dynopt_satd_8x8_sve2
----------------
IN: dynopt_satd_8x8_sve2
0x004008a4:  0456a484  abs      z4.h, p1/m, z4.h

Trace 0: 0x7f4b24135f00 [80081009311/00000000004008a4/00000001/00000201] dynopt_satd_8x8_sve2
----------------
IN: dynopt_satd_8x8_sve2
0x004008a8:  044c0620  sabd     z0.h, p1/m, z0.h, z17.h

Trace 0: 0x7f4b24136040 [80081009311/00000000004008a8/00000001/00000201] dynopt_satd_8x8_sve2
----------------
IN: dynopt_satd_8x8_sve2
0x004008ac:  04720043  add      z3.h, z2.h, z18.h

Trace 0: 0x7f4b24136180 [80081009311/00000000004008ac/00000001/00000201] dynopt_satd_8x8_sve2
----------------
IN: dynopt_satd_8x8_sve2
0x004008b0:  044c0642  sabd     z2.h, p1/m, z2.h, z18.h

Trace 0: 0x7f4b241362c0 [80081009311/00000000004008b0/00000001/00000201] dynopt_satd_8x8_sve2
----------------
IN: dynopt_satd_8x8_sve2
0x004008b4:  0456a4a5  abs      z5.h, p1/m, z5.h

Trace 0: 0x7f4b24136400 [80081009311/00000000004008b4/00000001/00000201] dynopt_satd_8x8_sve2
----------------
IN: dynopt_satd_8x8_sve2
0x004008b8:  04660033  add      z19.h, z1.h, z6.h

Trace 0: 0x7f4b24136540 [80081009311/00000000004008b8/00000001/00000201] dynopt_satd_8x8_sve2
----------------
IN: dynopt_satd_8x8_sve2
0x004008bc:  044c04c1  sabd     z1.h, p1/m, z1.h, z6.h

Trace 0: 0x7f4b24136680 [80081009311/00000000004008bc/00000001/00000201] dynopt_satd_8x8_sve2
----------------
IN: dynopt_satd_8x8_sve2
0x004008c0:  0456a463  abs      z3.h, p1/m, z3.h

Trace 0: 0x7f4b241367c0 [80081009311/00000000004008c0/00000001/00000201] dynopt_satd_8x8_sve2
----------------
IN: dynopt_satd_8x8_sve2
0x004008c4:  05a57090  trn1     z16.s, z4.s, z5.s

Trace 0: 0x7f4b24136900 [80081009311/00000000004008c4/00000001/00000201] dynopt_satd_8x8_sve2
----------------
IN: dynopt_satd_8x8_sve2
0x004008c8:  0456a673  abs      z19.h, p1/m, z19.h

Trace 0: 0x7f4b24136a40 [80081009311/00000000004008c8/00000001/00000201] dynopt_satd_8x8_sve2
----------------
IN: dynopt_satd_8x8_sve2
0x004008cc:  05a57484  trn2     z4.s, z4.s, z5.s

Trace 0: 0x7f4b24136b80 [80081009311/00000000004008cc/00000001/00000201] dynopt_satd_8x8_sve2
----------------
IN: dynopt_satd_8x8_sve2
0x004008d0:  05a070e5  trn1     z5.s, z7.s, z0.s

Trace 0: 0x7f4b24136cc0 [80081009311/00000000004008d0/00000001/00000201] dynopt_satd_8x8_sve2
----------------
IN: dynopt_satd_8x8_sve2
0x004008d4:  05a074e0  trn2     z0.s, z7.s, z0.s

Trace 0: 0x7f4b24136e00 [80081009311/00000000004008d4/00000001/00000201] dynopt_satd_8x8_sve2
----------------
IN: dynopt_satd_8x8_sve2
0x004008d8:  05b37066  trn1     z6.s, z3.s, z19.s

Trace 0: 0x7f4b24136f40 [80081009311/00000000004008d8/00000001/00000201] dynopt_satd_8x8_sve2
----------------
IN: dynopt_satd_8x8_sve2
0x004008dc:  05b37463  trn2     z3.s, z3.s, z19.s

Trace 0: 0x7f4b24137080 [80081009311/00000000004008dc/00000001/00000201] dynopt_satd_8x8_sve2
----------------
IN: dynopt_satd_8x8_sve2
0x004008e0:  04490604  umax     z4.h, p1/m, z4.h, z16.h

Trace 0: 0x7f4b241371c0 [80081009311/00000000004008e0/00000001/00000201] dynopt_satd_8x8_sve2
----------------
IN: dynopt_satd_8x8_sve2
0x004008e4:  044904a0  umax     z0.h, p1/m, z0.h, z5.h

Trace 0: 0x7f4b24137300 [80081009311/00000000004008e4/00000001/00000201] dynopt_satd_8x8_sve2
----------------
IN: dynopt_satd_8x8_sve2
0x004008e8:  05a17045  trn1     z5.s, z2.s, z1.s

Trace 0: 0x7f4b24137440 [80081009311/00000000004008e8/00000001/00000201] dynopt_satd_8x8_sve2
----------------
IN: dynopt_satd_8x8_sve2
0x004008ec:  05a17441  trn2     z1.s, z2.s, z1.s

Trace 0: 0x7f4b24137580 [80081009311/00000000004008ec/00000001/00000201] dynopt_satd_8x8_sve2
----------------
IN: dynopt_satd_8x8_sve2
0x004008f0:  044904c3  umax     z3.h, p1/m, z3.h, z6.h

Trace 0: 0x7f4b241376c0 [80081009311/00000000004008f0/00000001/00000201] dynopt_satd_8x8_sve2
----------------
IN: dynopt_satd_8x8_sve2
0x004008f4:  04640000  add      z0.h, z0.h, z4.h

Trace 0: 0x7f4b24137800 [80081009311/00000000004008f4/00000001/00000201] dynopt_satd_8x8_sve2
----------------
IN: dynopt_satd_8x8_sve2
0x004008f8:  044904a1  umax     z1.h, p1/m, z1.h, z5.h

Trace 0: 0x7f4b24137940 [80081009311/00000000004008f8/00000001/00000201] dynopt_satd_8x8_sve2
----------------
IN: dynopt_satd_8x8_sve2
0x004008fc:  04630000  add      z0.h, z0.h, z3.h

Trace 0: 0x7f4b24137a80 [80081009311/00000000004008fc/00000001/00000201] dynopt_satd_8x8_sve2
----------------
IN: dynopt_satd_8x8_sve2
0x00400900:  04610000  add      z0.h, z0.h, z1.h

Trace 0: 0x7f4b24137bc0 [80081009311/0000000000400900/00000001/00000201] dynopt_satd_8x8_sve2
----------------
IN: dynopt_satd_8x8_sve2
0x00400904:  04412000  uaddv    d0, p0, z0.h

Trace 0: 0x7f4b24137d00 [80081009311/0000000000400904/00000001/00000201] dynopt_satd_8x8_sve2
----------------
IN: dynopt_satd_8x8_sve2
0x00400908:  1e260008  fmov     w8, s0

Trace 0: 0x7f4b24137e40 [80081009311/0000000000400908/00000001/00000201] dynopt_satd_8x8_sve2
----------------
IN: dynopt_satd_8x8_sve2
0x0040090c:  12003d00  and      w0, w8, #0xffff

Trace 0: 0x7f4b24137f80 [80081009311/000000000040090c/00000001/00000201] dynopt_satd_8x8_sve2
----------------
IN: dynopt_satd_8x8_sve2
0x00400910:  d65f03c0  ret      

Trace 0: 0x7f4b241380c0 [80081009311/0000000000400910/00000001/00000201] dynopt_satd_8x8_sve2
----------------
IN: call_fini
0x00400920:  a9be7bfd  stp      x29, x30, [sp, #-0x20]!

Trace 0: 0x7f4b2413f040 [80081009b11/0000000000400920/00000001/00000201] call_fini
